[    0.000000] microcode: microcode updated early to revision 0xa6, date = 2022-06-28
[    0.000000] Linux version 6.0.9-zen1-1-zen (linux-zen@archlinux) (gcc (GCC) 12.2.0, GNU ld (GNU Binutils) 2.39.0) #1 ZEN SMP PREEMPT_DYNAMIC Wed, 16 Nov 2022 17:00:58 +0000
[    0.000000] Command line: ﻿      root=/dev/nvme0n1p5 rw initrd=\intel-ucode.img initrd=\initramfs-linux-zen.img
[    0.000000] x86/split lock detection: #AC: crashing the kernel on kernel split_locks and warning on user-space split_locks
[    0.000000] x86/fpu: Supporting XSAVE feature 0x001: 'x87 floating point registers'
[    0.000000] x86/fpu: Supporting XSAVE feature 0x002: 'SSE registers'
[    0.000000] x86/fpu: Supporting XSAVE feature 0x004: 'AVX registers'
[    0.000000] x86/fpu: Supporting XSAVE feature 0x020: 'AVX-512 opmask'
[    0.000000] x86/fpu: Supporting XSAVE feature 0x040: 'AVX-512 Hi256'
[    0.000000] x86/fpu: Supporting XSAVE feature 0x080: 'AVX-512 ZMM_Hi256'
[    0.000000] x86/fpu: Supporting XSAVE feature 0x200: 'Protection Keys User registers'
[    0.000000] x86/fpu: xstate_offset[2]:  576, xstate_sizes[2]:  256
[    0.000000] x86/fpu: xstate_offset[5]:  832, xstate_sizes[5]:   64
[    0.000000] x86/fpu: xstate_offset[6]:  896, xstate_sizes[6]:  512
[    0.000000] x86/fpu: xstate_offset[7]: 1408, xstate_sizes[7]: 1024
[    0.000000] x86/fpu: xstate_offset[9]: 2432, xstate_sizes[9]:    8
[    0.000000] x86/fpu: Enabled xstate features 0x2e7, context size is 2440 bytes, using 'compacted' format.
[    0.000000] signal: max sigframe size: 3632
[    0.000000] BIOS-provided physical RAM map:
[    0.000000] BIOS-e820: [mem 0x0000000000000000-0x000000000009efff] usable
[    0.000000] BIOS-e820: [mem 0x000000000009f000-0x00000000000fffff] reserved
[    0.000000] BIOS-e820: [mem 0x0000000000100000-0x0000000069ee1fff] usable
[    0.000000] BIOS-e820: [mem 0x0000000069ee2000-0x000000006cfe1fff] reserved
[    0.000000] BIOS-e820: [mem 0x000000006cfe2000-0x000000006d0adfff] ACPI data
[    0.000000] BIOS-e820: [mem 0x000000006d0ae000-0x000000006d169fff] ACPI NVS
[    0.000000] BIOS-e820: [mem 0x000000006d16a000-0x0000000071efefff] reserved
[    0.000000] BIOS-e820: [mem 0x0000000071eff000-0x0000000071efffff] usable
[    0.000000] BIOS-e820: [mem 0x0000000071f00000-0x0000000079ffffff] reserved
[    0.000000] BIOS-e820: [mem 0x000000007aa00000-0x000000007abfffff] reserved
[    0.000000] BIOS-e820: [mem 0x000000007b000000-0x00000000803fffff] reserved
[    0.000000] BIOS-e820: [mem 0x00000000c0000000-0x00000000cfffffff] reserved
[    0.000000] BIOS-e820: [mem 0x00000000fe000000-0x00000000fe010fff] reserved
[    0.000000] BIOS-e820: [mem 0x00000000fec00000-0x00000000fec00fff] reserved
[    0.000000] BIOS-e820: [mem 0x00000000fed00000-0x00000000fed00fff] reserved
[    0.000000] BIOS-e820: [mem 0x00000000fed20000-0x00000000fed7ffff] reserved
[    0.000000] BIOS-e820: [mem 0x00000000fee00000-0x00000000fee00fff] reserved
[    0.000000] BIOS-e820: [mem 0x00000000ff000000-0x00000000ffffffff] reserved
[    0.000000] BIOS-e820: [mem 0x0000000100000000-0x000000037fbfffff] usable
[    0.000000] NX (Execute Disable) protection: active
[    0.000000] efi: EFI v2.70 by American Megatrends
[    0.000000] efi: ACPI=0x6d0ad000 ACPI 2.0=0x6d0ad014 TPMFinalLog=0x6d0f5000 SMBIOS=0x71ca4000 SMBIOS 3.0=0x71ca3000 ESRT=0x68aeb118 RNG=0x6d028018 TPMEventLog=0x6681d018 
[    0.000000] efi: seeding entropy pool
[    0.000000] random: crng init done
[    0.000000] SMBIOS 3.3.0 present.
[    0.000000] DMI: HP HP Laptop 15-dy2xxx/87FE, BIOS F.21 03/21/2022
[    0.000000] tsc: Detected 2400.000 MHz processor
[    0.000000] tsc: Detected 2419.200 MHz TSC
[    0.000244] e820: update [mem 0x00000000-0x00000fff] usable ==> reserved
[    0.000245] e820: remove [mem 0x000a0000-0x000fffff] usable
[    0.000251] last_pfn = 0x37fc00 max_arch_pfn = 0x400000000
[    0.000400] x86/PAT: Configuration [0-7]: WB  WC  UC- UC  WB  WP  UC- WT  
[    0.001079] last_pfn = 0x71f00 max_arch_pfn = 0x400000000
[    0.008307] esrt: Reserving ESRT space from 0x0000000068aeb118 to 0x0000000068aeb150.
[    0.008314] e820: update [mem 0x68aeb000-0x68aebfff] usable ==> reserved
[    0.008329] Using GB pages for direct mapping
[    0.008501] Secure boot disabled
[    0.008501] RAMDISK: [mem 0x5ffc6000-0x60e80fff]
[    0.008505] ACPI: Early table checksum verification disabled
[    0.008508] ACPI: RSDP 0x000000006D0AD014 000024 (v02 HPQOEM)
[    0.008511] ACPI: XSDT 0x000000006D0AC728 000104 (v01 HPQOEM SLIC-MPC 01072009 AMI  01000013)
[    0.008515] ACPI: FACP 0x000000006D0A7000 000114 (v06 HPQOEM SLIC-MPC 01072009 HP   00010013)
[    0.008519] ACPI: DSDT 0x000000006D053000 05305D (v02 HPQOEM 87FE     01072009 ACPI 20191018)
[    0.008521] ACPI: FACS 0x000000006D166000 000040
[    0.008523] ACPI: MCFG 0x000000006D0AB000 00003C (v01 HPQOEM 87FE     01072009 HP   00000097)
[    0.008525] ACPI: SSDT 0x000000006D0A8000 0025CF (v02 HPQOEM 87FE     00003000 ACPI 20191018)
[    0.008527] ACPI: FIDT 0x000000006D052000 00009C (v01 HPQOEM 87FE     01072009 HP   00010013)
[    0.008529] ACPI: MSDM 0x000000006D051000 000055 (v03 HPQOEM SLIC-MPC 00000001 HP   00010013)
[    0.008531] ACPI: SSDT 0x000000006D04D000 0032D3 (v02 HPQOEM 87FE     00001000 ACPI 20191018)
[    0.008533] ACPI: SSDT 0x000000006D04A000 002B59 (v02 SaSsdt SaSsdt   00003000 INTL 20191018)
[    0.008535] ACPI: SSDT 0x000000006D046000 003350 (v02 HPQOEM 87FE     00003000 ACPI 20191018)
[    0.008537] ACPI: HPET 0x000000006D045000 000038 (v01 HPQOEM 87FE     01072009 HP   01000013)
[    0.008539] ACPI: APIC 0x000000006D044000 00012C (v04 HPQOEM 87FE     01072009 HP   01000013)
[    0.008541] ACPI: NHLT 0x000000006D042000 0018CE (v00 HPQOEM 87FE     01072009 HP   01000013)
[    0.008543] ACPI: LPIT 0x000000006D041000 0000CC (v01 HPQOEM 87FE     01072009 HP   01000013)
[    0.008545] ACPI: SSDT 0x000000006D03D000 002720 (v02 HPQOEM 87FE     00001000 ACPI 20191018)
[    0.008547] ACPI: SSDT 0x000000006D03C000 00012A (v02 HPQOEM 87FE     00000000 ACPI 20191018)
[    0.008549] ACPI: DBGP 0x000000006D03B000 000034 (v01 HPQOEM 87FE     01072009 HP   01000013)
[    0.008551] ACPI: DBG2 0x000000006D03A000 000054 (v00 HPQOEM 87FE     01072009 HP   01000013)
[    0.008553] ACPI: SSDT 0x000000006D039000 000BA3 (v02 HPQOEM 87FE     00001000 ACPI 20191018)
[    0.008555] ACPI: DMAR 0x000000006D038000 000088 (v02 HPQOEM 87FE     00000002 HP   01000013)
[    0.008557] ACPI: SSDT 0x000000006D037000 000694 (v02 HPQOEM 87FE     00000000 ACPI 20191018)
[    0.008559] ACPI: SSDT 0x000000006D036000 000144 (v02 HPQOEM 87FE     00001000 ACPI 20191018)
[    0.008561] ACPI: SSDT 0x000000006D035000 000060 (v01 HPQOEM 87FE     00000001 ACPI 20191018)
[    0.008563] ACPI: UEFI 0x000000006D0D6000 00063A (v01 HPQOEM 87FE     00000000 HP   00000000)
[    0.008564] ACPI: UEFI 0x000000006D0D5000 00005C (v01 HPQOEM 87FE     00000000 HP   00000000)
[    0.008566] ACPI: TPM2 0x000000006D034000 00004C (v04 HPQOEM 87FE     00000001 HP   00000000)
[    0.008568] ACPI: PTDT 0x000000006D033000 000CFE (v00 HPQOEM 87FE     00000005 HP   0100000D)
[    0.008570] ACPI: WSMT 0x000000006D040000 000028 (v01 HPQOEM 87FE     01072009 HP   00010013)
[    0.008572] ACPI: FPDT 0x000000006D032000 000044 (v01 HPQOEM 87FE     01072009 HP   01000013)
[    0.008574] ACPI: BGRT 0x000000006D031000 000038 (v01 HPQOEM 87FE     01072009 HP   00010013)
[    0.008576] ACPI: Reserving FACP table memory at [mem 0x6d0a7000-0x6d0a7113]
[    0.008576] ACPI: Reserving DSDT table memory at [mem 0x6d053000-0x6d0a605c]
[    0.008577] ACPI: Reserving FACS table memory at [mem 0x6d166000-0x6d16603f]
[    0.008578] ACPI: Reserving MCFG table memory at [mem 0x6d0ab000-0x6d0ab03b]
[    0.008578] ACPI: Reserving SSDT table memory at [mem 0x6d0a8000-0x6d0aa5ce]
[    0.008578] ACPI: Reserving FIDT table memory at [mem 0x6d052000-0x6d05209b]
[    0.008579] ACPI: Reserving MSDM table memory at [mem 0x6d051000-0x6d051054]
[    0.008579] ACPI: Reserving SSDT table memory at [mem 0x6d04d000-0x6d0502d2]
[    0.008580] ACPI: Reserving SSDT table memory at [mem 0x6d04a000-0x6d04cb58]
[    0.008580] ACPI: Reserving SSDT table memory at [mem 0x6d046000-0x6d04934f]
[    0.008581] ACPI: Reserving HPET table memory at [mem 0x6d045000-0x6d045037]
[    0.008581] ACPI: Reserving APIC table memory at [mem 0x6d044000-0x6d04412b]
[    0.008581] ACPI: Reserving NHLT table memory at [mem 0x6d042000-0x6d0438cd]
[    0.008582] ACPI: Reserving LPIT table memory at [mem 0x6d041000-0x6d0410cb]
[    0.008582] ACPI: Reserving SSDT table memory at [mem 0x6d03d000-0x6d03f71f]
[    0.008583] ACPI: Reserving SSDT table memory at [mem 0x6d03c000-0x6d03c129]
[    0.008583] ACPI: Reserving DBGP table memory at [mem 0x6d03b000-0x6d03b033]
[    0.008584] ACPI: Reserving DBG2 table memory at [mem 0x6d03a000-0x6d03a053]
[    0.008584] ACPI: Reserving SSDT table memory at [mem 0x6d039000-0x6d039ba2]
[    0.008585] ACPI: Reserving DMAR table memory at [mem 0x6d038000-0x6d038087]
[    0.008585] ACPI: Reserving SSDT table memory at [mem 0x6d037000-0x6d037693]
[    0.008586] ACPI: Reserving SSDT table memory at [mem 0x6d036000-0x6d036143]
[    0.008586] ACPI: Reserving SSDT table memory at [mem 0x6d035000-0x6d03505f]
[    0.008586] ACPI: Reserving UEFI table memory at [mem 0x6d0d6000-0x6d0d6639]
[    0.008587] ACPI: Reserving UEFI table memory at [mem 0x6d0d5000-0x6d0d505b]
[    0.008587] ACPI: Reserving TPM2 table memory at [mem 0x6d034000-0x6d03404b]
[    0.008588] ACPI: Reserving PTDT table memory at [mem 0x6d033000-0x6d033cfd]
[    0.008588] ACPI: Reserving WSMT table memory at [mem 0x6d040000-0x6d040027]
[    0.008589] ACPI: Reserving FPDT table memory at [mem 0x6d032000-0x6d032043]
[    0.008589] ACPI: Reserving BGRT table memory at [mem 0x6d031000-0x6d031037]
[    0.008765] No NUMA configuration found
[    0.008765] Faking a node at [mem 0x0000000000000000-0x000000037fbfffff]
[    0.008767] NODE_DATA(0) allocated [mem 0x37fbfc000-0x37fbfffff]
[    0.008784] Zone ranges:
[    0.008784]   DMA      [mem 0x0000000000001000-0x0000000000ffffff]
[    0.008786]   DMA32    [mem 0x0000000001000000-0x00000000ffffffff]
[    0.008787]   Normal   [mem 0x0000000100000000-0x000000037fbfffff]
[    0.008788]   Device   empty
[    0.008788] Movable zone start for each node
[    0.008789] Early memory node ranges
[    0.008789]   node   0: [mem 0x0000000000001000-0x000000000009efff]
[    0.008790]   node   0: [mem 0x0000000000100000-0x0000000069ee1fff]
[    0.008791]   node   0: [mem 0x0000000071eff000-0x0000000071efffff]
[    0.008791]   node   0: [mem 0x0000000100000000-0x000000037fbfffff]
[    0.008792] Initmem setup node 0 [mem 0x0000000000001000-0x000000037fbfffff]
[    0.008795] On node 0, zone DMA: 1 pages in unavailable ranges
[    0.008812] On node 0, zone DMA: 97 pages in unavailable ranges
[    0.011288] On node 0, zone DMA32: 32797 pages in unavailable ranges
[    0.024723] On node 0, zone Normal: 24832 pages in unavailable ranges
[    0.024730] On node 0, zone Normal: 1024 pages in unavailable ranges
[    0.024751] Reserving Intel graphics memory at [mem 0x7c800000-0x803fffff]
[    0.025021] ACPI: PM-Timer IO Port: 0x1808
[    0.025027] ACPI: LAPIC_NMI (acpi_id[0x01] high edge lint[0x1])
[    0.025028] ACPI: LAPIC_NMI (acpi_id[0x02] high edge lint[0x1])
[    0.025028] ACPI: LAPIC_NMI (acpi_id[0x03] high edge lint[0x1])
[    0.025029] ACPI: LAPIC_NMI (acpi_id[0x04] high edge lint[0x1])
[    0.025029] ACPI: LAPIC_NMI (acpi_id[0x05] high edge lint[0x1])
[    0.025029] ACPI: LAPIC_NMI (acpi_id[0x06] high edge lint[0x1])
[    0.025030] ACPI: LAPIC_NMI (acpi_id[0x07] high edge lint[0x1])
[    0.025030] ACPI: LAPIC_NMI (acpi_id[0x08] high edge lint[0x1])
[    0.025030] ACPI: LAPIC_NMI (acpi_id[0x09] high edge lint[0x1])
[    0.025031] ACPI: LAPIC_NMI (acpi_id[0x0a] high edge lint[0x1])
[    0.025031] ACPI: LAPIC_NMI (acpi_id[0x0b] high edge lint[0x1])
[    0.025032] ACPI: LAPIC_NMI (acpi_id[0x0c] high edge lint[0x1])
[    0.025032] ACPI: LAPIC_NMI (acpi_id[0x0d] high edge lint[0x1])
[    0.025032] ACPI: LAPIC_NMI (acpi_id[0x0e] high edge lint[0x1])
[    0.025033] ACPI: LAPIC_NMI (acpi_id[0x0f] high edge lint[0x1])
[    0.025033] ACPI: LAPIC_NMI (acpi_id[0x10] high edge lint[0x1])
[    0.025068] IOAPIC[0]: apic_id 2, version 32, address 0xfec00000, GSI 0-119
[    0.025070] ACPI: INT_SRC_OVR (bus 0 bus_irq 0 global_irq 2 dfl dfl)
[    0.025072] ACPI: INT_SRC_OVR (bus 0 bus_irq 9 global_irq 9 high level)
[    0.025075] ACPI: Using ACPI (MADT) for SMP configuration information
[    0.025076] ACPI: HPET id: 0x8086a201 base: 0xfed00000
[    0.025081] e820: update [mem 0x678f1000-0x67904fff] usable ==> reserved
[    0.025089] TSC deadline timer available
[    0.025090] smpboot: Allowing 8 CPUs, 0 hotplug CPUs
[    0.025101] PM: hibernation: Registered nosave memory: [mem 0x00000000-0x00000fff]
[    0.025102] PM: hibernation: Registered nosave memory: [mem 0x0009f000-0x000fffff]
[    0.025103] PM: hibernation: Registered nosave memory: [mem 0x678f1000-0x67904fff]
[    0.025104] PM: hibernation: Registered nosave memory: [mem 0x68aeb000-0x68aebfff]
[    0.025105] PM: hibernation: Registered nosave memory: [mem 0x69ee2000-0x6cfe1fff]
[    0.025105] PM: hibernation: Registered nosave memory: [mem 0x6cfe2000-0x6d0adfff]
[    0.025106] PM: hibernation: Registered nosave memory: [mem 0x6d0ae000-0x6d169fff]
[    0.025106] PM: hibernation: Registered nosave memory: [mem 0x6d16a000-0x71efefff]
[    0.025107] PM: hibernation: Registered nosave memory: [mem 0x71f00000-0x79ffffff]
[    0.025108] PM: hibernation: Registered nosave memory: [mem 0x7a000000-0x7a9fffff]
[    0.025108] PM: hibernation: Registered nosave memory: [mem 0x7aa00000-0x7abfffff]
[    0.025108] PM: hibernation: Registered nosave memory: [mem 0x7ac00000-0x7affffff]
[    0.025109] PM: hibernation: Registered nosave memory: [mem 0x7b000000-0x803fffff]
[    0.025109] PM: hibernation: Registered nosave memory: [mem 0x80400000-0xbfffffff]
[    0.025109] PM: hibernation: Registered nosave memory: [mem 0xc0000000-0xcfffffff]
[    0.025110] PM: hibernation: Registered nosave memory: [mem 0xd0000000-0xfdffffff]
[    0.025110] PM: hibernation: Registered nosave memory: [mem 0xfe000000-0xfe010fff]
[    0.025111] PM: hibernation: Registered nosave memory: [mem 0xfe011000-0xfebfffff]
[    0.025111] PM: hibernation: Registered nosave memory: [mem 0xfec00000-0xfec00fff]
[    0.025111] PM: hibernation: Registered nosave memory: [mem 0xfec01000-0xfecfffff]
[    0.025112] PM: hibernation: Registered nosave memory: [mem 0xfed00000-0xfed00fff]
[    0.025112] PM: hibernation: Registered nosave memory: [mem 0xfed01000-0xfed1ffff]
[    0.025112] PM: hibernation: Registered nosave memory: [mem 0xfed20000-0xfed7ffff]
[    0.025113] PM: hibernation: Registered nosave memory: [mem 0xfed80000-0xfedfffff]
[    0.025113] PM: hibernation: Registered nosave memory: [mem 0xfee00000-0xfee00fff]
[    0.025114] PM: hibernation: Registered nosave memory: [mem 0xfee01000-0xfeffffff]
[    0.025114] PM: hibernation: Registered nosave memory: [mem 0xff000000-0xffffffff]
[    0.025115] [mem 0x80400000-0xbfffffff] available for PCI devices
[    0.025116] Booting paravirtualized kernel on bare hardware
[    0.025117] clocksource: refined-jiffies: mask: 0xffffffff max_cycles: 0xffffffff, max_idle_ns: 1910969940391419 ns
[    0.029412] setup_percpu: NR_CPUS:320 nr_cpumask_bits:320 nr_cpu_ids:8 nr_node_ids:1
[    0.029544] percpu: Embedded 63 pages/cpu s221184 r8192 d28672 u262144
[    0.029548] pcpu-alloc: s221184 r8192 d28672 u262144 alloc=1*2097152
[    0.029550] pcpu-alloc: [0] 0 1 2 3 4 5 6 7 
[    0.029563] Fallback order for Node 0: 0 
[    0.029565] Built 1 zonelists, mobility grouping on.  Total pages: 3006327
[    0.029566] Policy zone: Normal
[    0.029567] Kernel command line: ﻿      root=/dev/nvme0n1p5 rw initrd=\intel-ucode.img initrd=\initramfs-linux-zen.img
[    0.029607] Unknown kernel command line parameters "﻿", will be passed to user space.
[    0.030033] Dentry cache hash table entries: 2097152 (order: 12, 16777216 bytes, linear)
[    0.030278] Inode-cache hash table entries: 1048576 (order: 11, 8388608 bytes, linear)
[    0.030398] mem auto-init: stack:all(zero), heap alloc:on, heap free:off
[    0.030408] software IO TLB: area num 8.
[    0.054216] Memory: 11790700K/12216836K available (18439K kernel code, 2098K rwdata, 11252K rodata, 2136K init, 3336K bss, 425876K reserved, 0K cma-reserved)
[    0.054288] SLUB: HWalign=64, Order=0-3, MinObjects=0, CPUs=8, Nodes=1
[    0.054298] ftrace: allocating 43684 entries in 171 pages
[    0.059674] ftrace: allocated 171 pages with 5 groups
[    0.059728] Dynamic Preempt: full
[    0.059747] rcu: Preemptible hierarchical RCU implementation.
[    0.059747] rcu: 	RCU restricting CPUs from NR_CPUS=320 to nr_cpu_ids=8.
[    0.059748] rcu: 	RCU priority boosting: priority 1 delay 500 ms.
[    0.059749] 	Trampoline variant of Tasks RCU enabled.
[    0.059749] 	Rude variant of Tasks RCU enabled.
[    0.059749] 	Tracing variant of Tasks RCU enabled.
[    0.059750] rcu: RCU calculated value of scheduler-enlistment delay is 100 jiffies.
[    0.059750] rcu: Adjusting geometry for rcu_fanout_leaf=16, nr_cpu_ids=8
[    0.062379] NR_IRQS: 20736, nr_irqs: 2048, preallocated irqs: 16
[    0.062654] rcu: srcu_init: Setting srcu_struct sizes based on contention.
[    0.062854] kfence: initialized - using 2097152 bytes for 255 objects at 0x00000000fe1f4a80-0x000000005af94059
[    0.062915] Console: colour dummy device 80x25
[    0.062926] printk: console [tty0] enabled
[    0.062939] ACPI: Core revision 20220331
[    0.063123] hpet: HPET dysfunctional in PC10. Force disabled.
[    0.063124] APIC: Switch to symmetric I/O mode setup
[    0.063126] DMAR: Host address width 39
[    0.063127] DMAR: DRHD base: 0x000000fed90000 flags: 0x0
[    0.063131] DMAR: dmar0: reg_base_addr fed90000 ver 4:0 cap 1c0000c40660462 ecap 69e2ff0505e
[    0.063133] DMAR: DRHD base: 0x000000fed91000 flags: 0x1
[    0.063137] DMAR: dmar1: reg_base_addr fed91000 ver 1:0 cap d2008c40660462 ecap f050da
[    0.063139] DMAR: RMRR base: 0x0000007c000000 end: 0x000000803fffff
[    0.063142] DMAR-IR: IOAPIC id 2 under DRHD base  0xfed91000 IOMMU 1
[    0.063143] DMAR-IR: HPET id 0 under DRHD base 0xfed91000
[    0.063143] DMAR-IR: Queued invalidation will be enabled to support x2apic and Intr-remapping.
[    0.064794] DMAR-IR: Enabled IRQ remapping in x2apic mode
[    0.064796] x2apic enabled
[    0.064824] Switched APIC routing to cluster x2apic.
[    0.069175] clocksource: tsc-early: mask: 0xffffffffffffffff max_cycles: 0x22df1149949, max_idle_ns: 440795312789 ns
[    0.069181] Calibrating delay loop (skipped), value calculated using timer frequency.. 4838.40 BogoMIPS (lpj=2419200)
[    0.069184] pid_max: default: 32768 minimum: 301
[    0.070179] LSM: Security Framework initializing
[    0.070179] landlock: Up and running.
[    0.070179] Yama: becoming mindful.
[    0.070179] LSM support for eBPF active
[    0.070179] Mount-cache hash table entries: 32768 (order: 6, 262144 bytes, linear)
[    0.070179] Mountpoint-cache hash table entries: 32768 (order: 6, 262144 bytes, linear)
[    0.070179] CPU0: Thermal monitoring enabled (TM1)
[    0.070179] x86/cpu: User Mode Instruction Prevention (UMIP) activated
[    0.070179] process: using mwait in idle threads
[    0.070179] CET detected: Indirect Branch Tracking enabled
[    0.070179] Last level iTLB entries: 4KB 0, 2MB 0, 4MB 0
[    0.070179] Last level dTLB entries: 4KB 0, 2MB 0, 4MB 0, 1GB 0
[    0.070179] Spectre V1 : Mitigation: usercopy/swapgs barriers and __user pointer sanitization
[    0.070179] Spectre V2 : Mitigation: Enhanced IBRS
[    0.070179] Spectre V2 : Spectre v2 / SpectreRSB mitigation: Filling RSB on context switch
[    0.070179] Spectre V2 : Spectre v2 / PBRSB-eIBRS: Retire a single CALL on VMEXIT
[    0.070179] Spectre V2 : mitigation: Enabling conditional Indirect Branch Prediction Barrier
[    0.070179] Speculative Store Bypass: Mitigation: Speculative Store Bypass disabled via prctl
[    0.070179] Freeing SMP alternatives memory: 44K
[    0.070179] smpboot: CPU0: 11th Gen Intel(R) Core(TM) i5-1135G7 @ 2.40GHz (family: 0x6, model: 0x8c, stepping: 0x1)
[    0.070179] cblist_init_generic: Setting adjustable number of callback queues.
[    0.070179] cblist_init_generic: Setting shift to 3 and lim to 1.
[    0.070179] cblist_init_generic: Setting shift to 3 and lim to 1.
[    0.070179] cblist_init_generic: Setting shift to 3 and lim to 1.
[    0.070179] Performance Events: PEBS fmt4+-baseline,  AnyThread deprecated, Icelake events, 32-deep LBR, full-width counters, Intel PMU driver.
[    0.070179] ... version:                5
[    0.070179] ... bit width:              48
[    0.070179] ... generic registers:      8
[    0.070179] ... value mask:             0000ffffffffffff
[    0.070179] ... max period:             00007fffffffffff
[    0.070179] ... fixed-purpose events:   4
[    0.070179] ... event mask:             0001000f000000ff
[    0.070179] Estimated ratio of average max frequency by base frequency (times 1024): 1621
[    0.070179] rcu: Hierarchical SRCU implementation.
[    0.070179] rcu: 	Max phase no-delay instances is 400.
[    0.070179] NMI watchdog: Enabled. Permanently consumes one hw-PMU counter.
[    0.070179] smp: Bringing up secondary CPUs ...
[    0.070179] x86: Booting SMP configuration:
[    0.070179] .... node  #0, CPUs:      #1 #2 #3 #4 #5 #6 #7
[    0.080711] smp: Brought up 1 node, 8 CPUs
[    0.080711] smpboot: Max logical packages: 1
[    0.080711] smpboot: Total of 8 processors activated (38707.20 BogoMIPS)
[    0.081540] devtmpfs: initialized
[    0.081540] x86/mm: Memory block size: 128MB
[    0.081650] ACPI: PM: Registering ACPI NVS region [mem 0x6d0ae000-0x6d169fff] (770048 bytes)
[    0.082182] clocksource: jiffies: mask: 0xffffffff max_cycles: 0xffffffff, max_idle_ns: 1911260446275000 ns
[    0.082193] futex hash table entries: 2048 (order: 5, 131072 bytes, linear)
[    0.082226] pinctrl core: initialized pinctrl subsystem
[    0.082440] PM: RTC time: 21:00:54, date: 2022-11-23
[    0.082774] NET: Registered PF_NETLINK/PF_ROUTE protocol family
[    0.082938] DMA: preallocated 2048 KiB GFP_KERNEL pool for atomic allocations
[    0.083057] DMA: preallocated 2048 KiB GFP_KERNEL|GFP_DMA pool for atomic allocations
[    0.083203] DMA: preallocated 2048 KiB GFP_KERNEL|GFP_DMA32 pool for atomic allocations
[    0.083213] audit: initializing netlink subsys (disabled)
[    0.083220] audit: type=2000 audit(1669237254.014:1): state=initialized audit_enabled=0 res=1
[    0.083233] thermal_sys: Registered thermal governor 'fair_share'
[    0.083234] thermal_sys: Registered thermal governor 'bang_bang'
[    0.083235] thermal_sys: Registered thermal governor 'step_wise'
[    0.083235] thermal_sys: Registered thermal governor 'user_space'
[    0.083235] thermal_sys: Registered thermal governor 'power_allocator'
[    0.083243] cpuidle: using governor ladder
[    0.083245] cpuidle: using governor menu
[    0.083262] ACPI FADT declares the system doesn't support PCIe ASPM, so disable it
[    0.083262] acpiphp: ACPI Hot Plug PCI Controller Driver version: 0.5
[    0.083262] PCI: MMCONFIG for domain 0000 [bus 00-ff] at [mem 0xc0000000-0xcfffffff] (base 0xc0000000)
[    0.083262] PCI: MMCONFIG at [mem 0xc0000000-0xcfffffff] reserved in E820
[    0.083266] PCI: Using configuration type 1 for base access
[    0.083391] ENERGY_PERF_BIAS: Set to 'normal', was 'performance'
[    0.084494] kprobes: kprobe jump-optimization is enabled. All kprobes are optimized if possible.
[    0.091226] HugeTLB: registered 1.00 GiB page size, pre-allocated 0 pages
[    0.091226] HugeTLB: 16380 KiB vmemmap can be freed for a 1.00 GiB page
[    0.091226] HugeTLB: registered 2.00 MiB page size, pre-allocated 0 pages
[    0.091226] HugeTLB: 28 KiB vmemmap can be freed for a 2.00 MiB page
[    0.092241] ACPI: Added _OSI(Module Device)
[    0.092242] ACPI: Added _OSI(Processor Device)
[    0.092242] ACPI: Added _OSI(3.0 _SCP Extensions)
[    0.092243] ACPI: Added _OSI(Processor Aggregator Device)
[    0.092244] ACPI: Added _OSI(Linux-Dell-Video)
[    0.092245] ACPI: Added _OSI(Linux-Lenovo-NV-HDMI-Audio)
[    0.092245] ACPI: Added _OSI(Linux-HPI-Hybrid-Graphics)
[    0.147159] ACPI BIOS Error (bug): Failure creating named object [\_SB.PC00.XHCI.RHUB.HS01._UPC], AE_ALREADY_EXISTS (20220331/dswload2-326)
[    0.147166] fbcon: Taking over console
[    0.147184] ACPI Error: AE_ALREADY_EXISTS, During name lookup/catalog (20220331/psobject-220)
[    0.147184] ACPI: Skipping parse of AML opcode: Method (0x0014)
[    0.147184] ACPI BIOS Error (bug): Failure creating named object [\_SB.PC00.XHCI.RHUB.HS01._PLD], AE_ALREADY_EXISTS (20220331/dswload2-326)
[    0.147184] ACPI Error: AE_ALREADY_EXISTS, During name lookup/catalog (20220331/psobject-220)
[    0.147186] ACPI: Skipping parse of AML opcode: Method (0x0014)
[    0.147334] ACPI BIOS Error (bug): Failure creating named object [\_SB.PC00.XHCI.RHUB.HS02._UPC], AE_ALREADY_EXISTS (20220331/dswload2-326)
[    0.147337] ACPI Error: AE_ALREADY_EXISTS, During name lookup/catalog (20220331/psobject-220)
[    0.147339] ACPI: Skipping parse of AML opcode: Method (0x0014)
[    0.147341] ACPI BIOS Error (bug): Failure creating named object [\_SB.PC00.XHCI.RHUB.HS02._PLD], AE_ALREADY_EXISTS (20220331/dswload2-326)
[    0.147343] ACPI Error: AE_ALREADY_EXISTS, During name lookup/catalog (20220331/psobject-220)
[    0.147345] ACPI: Skipping parse of AML opcode: Method (0x0014)
[    0.147347] ACPI BIOS Error (bug): Failure creating named object [\_SB.PC00.XHCI.RHUB.HS03._UPC], AE_ALREADY_EXISTS (20220331/dswload2-326)
[    0.147350] ACPI Error: AE_ALREADY_EXISTS, During name lookup/catalog (20220331/psobject-220)
[    0.147352] ACPI: Skipping parse of AML opcode: Method (0x0014)
[    0.147353] ACPI BIOS Error (bug): Failure creating named object [\_SB.PC00.XHCI.RHUB.HS03._PLD], AE_ALREADY_EXISTS (20220331/dswload2-326)
[    0.147356] ACPI Error: AE_ALREADY_EXISTS, During name lookup/catalog (20220331/psobject-220)
[    0.147357] ACPI: Skipping parse of AML opcode: Method (0x0014)
[    0.147367] ACPI BIOS Error (bug): Failure creating named object [\_SB.PC00.XHCI.RHUB.SS01._UPC], AE_ALREADY_EXISTS (20220331/dswload2-326)
[    0.147371] ACPI Error: AE_ALREADY_EXISTS, During name lookup/catalog (20220331/psobject-220)
[    0.147372] ACPI: Skipping parse of AML opcode: Method (0x0014)
[    0.147374] ACPI BIOS Error (bug): Failure creating named object [\_SB.PC00.XHCI.RHUB.SS01._PLD], AE_ALREADY_EXISTS (20220331/dswload2-326)
[    0.147376] ACPI Error: AE_ALREADY_EXISTS, During name lookup/catalog (20220331/psobject-220)
[    0.147378] ACPI: Skipping parse of AML opcode: Method (0x0014)
[    0.147380] ACPI BIOS Error (bug): Failure creating named object [\_SB.PC00.XHCI.RHUB.SS02._UPC], AE_ALREADY_EXISTS (20220331/dswload2-326)
[    0.147383] ACPI Error: AE_ALREADY_EXISTS, During name lookup/catalog (20220331/psobject-220)
[    0.147385] ACPI: Skipping parse of AML opcode: Method (0x0014)
[    0.147386] ACPI BIOS Error (bug): Failure creating named object [\_SB.PC00.XHCI.RHUB.SS02._PLD], AE_ALREADY_EXISTS (20220331/dswload2-326)
[    0.147389] ACPI Error: AE_ALREADY_EXISTS, During name lookup/catalog (20220331/psobject-220)
[    0.147391] ACPI: Skipping parse of AML opcode: Method (0x0014)
[    0.147393] ACPI BIOS Error (bug): Failure creating named object [\_SB.PC00.XHCI.RHUB.SS03._UPC], AE_ALREADY_EXISTS (20220331/dswload2-326)
[    0.147396] ACPI Error: AE_ALREADY_EXISTS, During name lookup/catalog (20220331/psobject-220)
[    0.147397] ACPI: Skipping parse of AML opcode: Method (0x0014)
[    0.147398] ACPI BIOS Error (bug): Failure creating named object [\_SB.PC00.XHCI.RHUB.SS03._PLD], AE_ALREADY_EXISTS (20220331/dswload2-326)
[    0.147401] ACPI Error: AE_ALREADY_EXISTS, During name lookup/catalog (20220331/psobject-220)
[    0.147403] ACPI: Skipping parse of AML opcode: Method (0x0014)
[    0.147405] ACPI BIOS Error (bug): Failure creating named object [\_SB.PC00.XHCI.RHUB.SS04._UPC], AE_ALREADY_EXISTS (20220331/dswload2-326)
[    0.147408] ACPI Error: AE_ALREADY_EXISTS, During name lookup/catalog (20220331/psobject-220)
[    0.147410] ACPI: Skipping parse of AML opcode: Method (0x0014)
[    0.147411] ACPI BIOS Error (bug): Failure creating named object [\_SB.PC00.XHCI.RHUB.SS04._PLD], AE_ALREADY_EXISTS (20220331/dswload2-326)
[    0.147413] ACPI Error: AE_ALREADY_EXISTS, During name lookup/catalog (20220331/psobject-220)
[    0.147415] ACPI: Skipping parse of AML opcode: Method (0x0014)
[    0.147417] ACPI BIOS Error (bug): Failure creating named object [\_SB.PC00.XHCI.RHUB.SS05._UPC], AE_ALREADY_EXISTS (20220331/dswload2-326)
[    0.147420] ACPI Error: AE_ALREADY_EXISTS, During name lookup/catalog (20220331/psobject-220)
[    0.147422] ACPI: Skipping parse of AML opcode: Method (0x0014)
[    0.147423] ACPI BIOS Error (bug): Failure creating named object [\_SB.PC00.XHCI.RHUB.SS05._PLD], AE_ALREADY_EXISTS (20220331/dswload2-326)
[    0.147426] ACPI Error: AE_ALREADY_EXISTS, During name lookup/catalog (20220331/psobject-220)
[    0.147428] ACPI: Skipping parse of AML opcode: Method (0x0014)
[    0.147430] ACPI BIOS Error (bug): Failure creating named object [\_SB.PC00.XHCI.RHUB.SS06._UPC], AE_ALREADY_EXISTS (20220331/dswload2-326)
[    0.147432] ACPI Error: AE_ALREADY_EXISTS, During name lookup/catalog (20220331/psobject-220)
[    0.147434] ACPI: Skipping parse of AML opcode: Method (0x0014)
[    0.147435] ACPI BIOS Error (bug): Failure creating named object [\_SB.PC00.XHCI.RHUB.SS06._PLD], AE_ALREADY_EXISTS (20220331/dswload2-326)
[    0.147438] ACPI Error: AE_ALREADY_EXISTS, During name lookup/catalog (20220331/psobject-220)
[    0.147440] ACPI: Skipping parse of AML opcode: Method (0x0014)
[    0.147844] ACPI: 11 ACPI AML tables successfully acquired and loaded
[    0.156564] ACPI: Dynamic OEM Table Load:
[    0.156572] ACPI: SSDT 0xFFFF8A2D0155B400 0001B8 (v02 PmRef  Cpu0Psd  00003000 INTL 20191018)
[    0.156832] ACPI: \_SB_.PR00: _OSC native thermal LVT Acked
[    0.157330] ACPI: Dynamic OEM Table Load:
[    0.157335] ACPI: SSDT 0xFFFF8A2D00FE8400 000394 (v02 PmRef  Cpu0Cst  00003001 INTL 20191018)
[    0.158160] ACPI: Dynamic OEM Table Load:
[    0.158165] ACPI: SSDT 0xFFFF8A2D0159B000 0005C3 (v02 PmRef  Cpu0Ist  00003000 INTL 20191018)
[    0.159299] ACPI: Dynamic OEM Table Load:
[    0.159304] ACPI: SSDT 0xFFFF8A2D01597000 0008E7 (v02 PmRef  ApIst    00003000 INTL 20191018)
[    0.160251] ACPI: Dynamic OEM Table Load:
[    0.160255] ACPI: SSDT 0xFFFF8A2D0159D800 00048A (v02 PmRef  ApHwp    00003000 INTL 20191018)
[    0.161104] ACPI: Dynamic OEM Table Load:
[    0.161108] ACPI: SSDT 0xFFFF8A2D0159F800 0004D2 (v02 PmRef  ApPsd    00003000 INTL 20191018)
[    0.161959] ACPI: Dynamic OEM Table Load:
[    0.161962] ACPI: SSDT 0xFFFF8A2D0159E800 00048A (v02 PmRef  ApCst    00003000 INTL 20191018)
[    0.165201] ACPI: EC: EC started
[    0.165201] ACPI: EC: interrupt blocked
[    0.175695] ACPI: EC: EC_CMD/EC_SC=0x66, EC_DATA=0x62
[    0.175697] ACPI: \_SB_.PC00.LPCB.EC0_: Boot DSDT EC used to handle transactions
[    0.175697] ACPI: Interpreter enabled
[    0.175742] ACPI: PM: (supports S0 S4 S5)
[    0.175743] ACPI: Using IOAPIC for interrupt routing
[    0.175779] PCI: Using host bridge windows from ACPI; if necessary, use "pci=nocrs" and report a bug
[    0.175780] PCI: Using E820 reservations for host bridge windows
[    0.176135] ACPI: Enabled 7 GPEs in block 00 to 7F
[    0.189457] ACPI: PM: Power Resource [V0PR]
[    0.189559] ACPI: PM: Power Resource [V1PR]
[    0.189657] ACPI: PM: Power Resource [V2PR]
[    0.191816] ACPI: PM: Power Resource [WRST]
[    0.192550] ACPI: PM: Power Resource [V0PR]
[    0.192585] ACPI: PM: Power Resource [V1PR]
[    0.192618] ACPI: PM: Power Resource [V2PR]
[    0.192651] ACPI: PM: Power Resource [V3PR]
[    0.196606] ACPI: PM: Power Resource [PIN]
[    0.196876] ACPI: PCI Root Bridge [PC00] (domain 0000 [bus 00-fe])
[    0.196880] acpi PNP0A08:00: _OSC: OS supports [ExtendedConfig ASPM ClockPM Segments MSI EDR HPX-Type3]
[    0.199619] acpi PNP0A08:00: _OSC: OS now controls [PCIeHotplug SHPCHotplug PME AER PCIeCapability LTR DPC]
[    0.199620] acpi PNP0A08:00: FADT indicates ASPM is unsupported, using BIOS configuration
[    0.201126] PCI host bridge to bus 0000:00
[    0.201127] pci_bus 0000:00: root bus resource [io  0x0000-0x0cf7 window]
[    0.201128] pci_bus 0000:00: root bus resource [io  0x0d00-0xffff window]
[    0.201129] pci_bus 0000:00: root bus resource [mem 0x000a0000-0x000bffff window]
[    0.201130] pci_bus 0000:00: root bus resource [mem 0x000e8000-0x000effff window]
[    0.201130] pci_bus 0000:00: root bus resource [mem 0x80400000-0xbfffffff window]
[    0.201131] pci_bus 0000:00: root bus resource [mem 0x4000000000-0x7fffffffff window]
[    0.201133] pci_bus 0000:00: root bus resource [bus 00-fe]
[    0.201163] pci 0000:00:00.0: [8086:9a14] type 00 class 0x060000
[    0.201275] pci 0000:00:02.0: [8086:9a49] type 00 class 0x030000
[    0.201283] pci 0000:00:02.0: reg 0x10: [mem 0x6002000000-0x6002ffffff 64bit]
[    0.201288] pci 0000:00:02.0: reg 0x18: [mem 0x4000000000-0x400fffffff 64bit pref]
[    0.201292] pci 0000:00:02.0: reg 0x20: [io  0x4000-0x403f]
[    0.201306] pci 0000:00:02.0: BAR 2: assigned to efifb
[    0.201307] pci 0000:00:02.0: DMAR: Skip IOMMU disabling for graphics
[    0.201310] pci 0000:00:02.0: Video device with shadowed ROM at [mem 0x000c0000-0x000dffff]
[    0.201336] pci 0000:00:02.0: reg 0x344: [mem 0x00000000-0x00ffffff 64bit]
[    0.201340] pci 0000:00:02.0: VF(n) BAR0 space: [mem 0x00000000-0x06ffffff 64bit] (contains BAR0 for 7 VFs)
[    0.201345] pci 0000:00:02.0: reg 0x34c: [mem 0x00000000-0x1fffffff 64bit pref]
[    0.201345] pci 0000:00:02.0: VF(n) BAR2 space: [mem 0x00000000-0xdfffffff 64bit pref] (contains BAR2 for 7 VFs)
[    0.201476] pci 0000:00:04.0: [8086:9a03] type 00 class 0x118000
[    0.201493] pci 0000:00:04.0: reg 0x10: [mem 0x6003200000-0x600321ffff 64bit]
[    0.201763] pci 0000:00:08.0: [8086:9a11] type 00 class 0x088000
[    0.201771] pci 0000:00:08.0: reg 0x10: [mem 0x600323d000-0x600323dfff 64bit]
[    0.201869] pci 0000:00:0e.0: [8086:9a0b] type 00 class 0x010400
[    0.201883] pci 0000:00:0e.0: reg 0x10: [mem 0x6000000000-0x6001ffffff 64bit]
[    0.201889] pci 0000:00:0e.0: reg 0x18: [mem 0x82000000-0x83ffffff]
[    0.201903] pci 0000:00:0e.0: reg 0x20: [mem 0x6003100000-0x60031fffff 64bit]
[    0.202126] pci 0000:00:14.0: [8086:a0ed] type 00 class 0x0c0330
[    0.202148] pci 0000:00:14.0: reg 0x10: [mem 0x6003220000-0x600322ffff 64bit]
[    0.202233] pci 0000:00:14.0: PME# supported from D3hot D3cold
[    0.203799] pci 0000:00:14.2: [8086:a0ef] type 00 class 0x050000
[    0.203820] pci 0000:00:14.2: reg 0x10: [mem 0x6003234000-0x6003237fff 64bit]
[    0.203833] pci 0000:00:14.2: reg 0x18: [mem 0x600323c000-0x600323cfff 64bit]
[    0.204036] pci 0000:00:15.0: [8086:a0e8] type 00 class 0x0c8000
[    0.204071] pci 0000:00:15.0: reg 0x10: [mem 0x00000000-0x00000fff 64bit]
[    0.205524] pci 0000:00:15.1: [8086:a0e9] type 00 class 0x0c8000
[    0.205559] pci 0000:00:15.1: reg 0x10: [mem 0x00000000-0x00000fff 64bit]
[    0.205910] pci 0000:00:16.0: [8086:a0e0] type 00 class 0x078000
[    0.205935] pci 0000:00:16.0: reg 0x10: [mem 0x6003239000-0x6003239fff 64bit]
[    0.206022] pci 0000:00:16.0: PME# supported from D3hot
[    0.206125] pci 0000:00:1c.0: [8086:a0bf] type 01 class 0x060400
[    0.206125] pci 0000:00:1c.0: PME# supported from D0 D3hot D3cold
[    0.206125] pci 0000:00:1c.0: PTM enabled (root), 4ns granularity
[    0.206125] pci 0000:00:1d.0: [8086:09ab] type 00 class 0x088000
[    0.206640] pci 0000:00:1f.0: [8086:a082] type 00 class 0x060100
[    0.206943] pci 0000:00:1f.3: [8086:a0c8] type 00 class 0x040100
[    0.206986] pci 0000:00:1f.3: reg 0x10: [mem 0x6003230000-0x6003233fff 64bit]
[    0.207040] pci 0000:00:1f.3: reg 0x20: [mem 0x6003000000-0x60030fffff 64bit]
[    0.207146] pci 0000:00:1f.3: PME# supported from D3hot D3cold
[    0.207519] pci 0000:00:1f.4: [8086:a0a3] type 00 class 0x0c0500
[    0.207545] pci 0000:00:1f.4: reg 0x10: [mem 0x6003238000-0x60032380ff 64bit]
[    0.207574] pci 0000:00:1f.4: reg 0x20: [io  0xefa0-0xefbf]
[    0.207785] pci 0000:00:1f.5: [8086:a0a4] type 00 class 0x0c8000
[    0.207805] pci 0000:00:1f.5: reg 0x10: [mem 0xfe010000-0xfe010fff]
[    0.207976] pci 0000:01:00.0: [10ec:c821] type 00 class 0x028000
[    0.208000] pci 0000:01:00.0: reg 0x10: [io  0x3000-0x30ff]
[    0.208028] pci 0000:01:00.0: reg 0x18: [mem 0x84000000-0x8400ffff 64bit]
[    0.208175] pci 0000:01:00.0: supports D1 D2
[    0.208176] pci 0000:01:00.0: PME# supported from D0 D1 D2 D3hot D3cold
[    0.208382] pci 0000:00:1c.0: PCI bridge to [bus 01]
[    0.208385] pci 0000:00:1c.0:   bridge window [io  0x3000-0x3fff]
[    0.208388] pci 0000:00:1c.0:   bridge window [mem 0x84000000-0x840fffff]
[    0.209215] ACPI: PCI: Interrupt link LNKA configured for IRQ 0
[    0.209297] ACPI: PCI: Interrupt link LNKB configured for IRQ 1
[    0.209376] ACPI: PCI: Interrupt link LNKC configured for IRQ 0
[    0.209457] ACPI: PCI: Interrupt link LNKD configured for IRQ 0
[    0.209536] ACPI: PCI: Interrupt link LNKE configured for IRQ 0
[    0.209615] ACPI: PCI: Interrupt link LNKF configured for IRQ 0
[    0.209694] ACPI: PCI: Interrupt link LNKG configured for IRQ 0
[    0.209774] ACPI: PCI: Interrupt link LNKH configured for IRQ 0
[    0.218619] Low-power S0 idle used by default for system suspend
[    0.219955] ACPI: EC: interrupt unblocked
[    0.219955] ACPI: EC: event unblocked
[    0.219973] ACPI: EC: EC_CMD/EC_SC=0x66, EC_DATA=0x62
[    0.219974] ACPI: EC: GPE=0x6e
[    0.219975] ACPI: \_SB_.PC00.LPCB.EC0_: Boot DSDT EC initialization complete
[    0.219976] ACPI: \_SB_.PC00.LPCB.EC0_: EC: Used to handle transactions and events
[    0.220020] iommu: Default domain type: Translated 
[    0.220020] iommu: DMA domain TLB invalidation policy: lazy mode 
[    0.220110] SCSI subsystem initialized
[    0.220210] libata version 3.00 loaded.
[    0.220210] ACPI: bus type USB registered
[    0.220210] usbcore: registered new interface driver usbfs
[    0.220210] usbcore: registered new interface driver hub
[    0.220210] usbcore: registered new device driver usb
[    0.220210] pps_core: LinuxPPS API ver. 1 registered
[    0.220210] pps_core: Software ver. 5.3.6 - Copyright 2005-2007 Rodolfo Giometti <giometti@linux.it>
[    0.220210] PTP clock support registered
[    0.220210] EDAC MC: Ver: 3.0.0
[    0.221193] Registered efivars operations
[    0.221287] NetLabel: Initializing
[    0.221288] NetLabel:  domain hash size = 128
[    0.221289] NetLabel:  protocols = UNLABELED CIPSOv4 CALIPSO
[    0.221298] NetLabel:  unlabeled traffic allowed by default
[    0.221300] mctp: management component transport protocol core
[    0.221301] NET: Registered PF_MCTP protocol family
[    0.221303] PCI: Using ACPI for IRQ routing
[    0.240770] PCI: pci_cache_line_size set to 64 bytes
[    0.240852] pci 0000:00:1f.5: can't claim BAR 0 [mem 0xfe010000-0xfe010fff]: no compatible bridge window
[    0.240924] e820: reserve RAM buffer [mem 0x0009f000-0x0009ffff]
[    0.240925] e820: reserve RAM buffer [mem 0x678f1000-0x67ffffff]
[    0.240926] e820: reserve RAM buffer [mem 0x68aeb000-0x6bffffff]
[    0.240926] e820: reserve RAM buffer [mem 0x69ee2000-0x6bffffff]
[    0.240927] e820: reserve RAM buffer [mem 0x71f00000-0x73ffffff]
[    0.240928] e820: reserve RAM buffer [mem 0x37fc00000-0x37fffffff]
[    0.241219] pci 0000:00:02.0: vgaarb: setting as boot VGA device
[    0.241219] pci 0000:00:02.0: vgaarb: bridge control possible
[    0.241219] pci 0000:00:02.0: vgaarb: VGA device added: decodes=io+mem,owns=io+mem,locks=none
[    0.241219] vgaarb: loaded
[    0.242199] clocksource: Switched to clocksource tsc-early
[    0.242293] VFS: Disk quotas dquot_6.6.0
[    0.242302] VFS: Dquot-cache hash table entries: 512 (order 0, 4096 bytes)
[    0.242372] pnp: PnP ACPI init
[    0.242595] system 00:00: [io  0x0680-0x069f] has been reserved
[    0.242597] system 00:00: [io  0x164e-0x164f] has been reserved
[    0.242699] system 00:02: [io  0x1854-0x1857] has been reserved
[    0.243077] pnp 00:04: disabling [mem 0xc0000000-0xcfffffff] because it overlaps 0000:00:02.0 BAR 9 [mem 0x00000000-0xdfffffff 64bit pref]
[    0.243090] system 00:04: [mem 0xfedc0000-0xfedc7fff] has been reserved
[    0.243092] system 00:04: [mem 0xfeda0000-0xfeda0fff] has been reserved
[    0.243093] system 00:04: [mem 0xfeda1000-0xfeda1fff] has been reserved
[    0.243094] system 00:04: [mem 0xfed20000-0xfed7ffff] could not be reserved
[    0.243095] system 00:04: [mem 0xfed90000-0xfed93fff] could not be reserved
[    0.243095] system 00:04: [mem 0xfed45000-0xfed8ffff] could not be reserved
[    0.243096] system 00:04: [mem 0xfee00000-0xfeefffff] could not be reserved
[    0.243544] system 00:05: [io  0x1800-0x18fe] could not be reserved
[    0.243545] system 00:05: [mem 0xfe000000-0xfe01ffff] could not be reserved
[    0.243546] system 00:05: [mem 0xfe04c000-0xfe04ffff] has been reserved
[    0.243547] system 00:05: [mem 0xfe050000-0xfe0affff] has been reserved
[    0.243548] system 00:05: [mem 0xfe0d0000-0xfe0fffff] has been reserved
[    0.243549] system 00:05: [mem 0xfe200000-0xfe7fffff] has been reserved
[    0.243550] system 00:05: [mem 0xff000000-0xffffffff] has been reserved
[    0.243551] system 00:05: [mem 0xfd000000-0xfd68ffff] has been reserved
[    0.243552] system 00:05: [mem 0xfd6b0000-0xfd6cffff] has been reserved
[    0.243553] system 00:05: [mem 0xfd6f0000-0xfdffffff] has been reserved
[    0.243814] system 00:06: [io  0x2000-0x20fe] has been reserved
[    0.245146] pnp: PnP ACPI: found 8 devices
[    0.250247] clocksource: acpi_pm: mask: 0xffffff max_cycles: 0xffffff, max_idle_ns: 2085701024 ns
[    0.250283] NET: Registered PF_INET protocol family
[    0.250424] IP idents hash table entries: 262144 (order: 9, 2097152 bytes, linear)
[    0.252356] tcp_listen_portaddr_hash hash table entries: 8192 (order: 5, 131072 bytes, linear)
[    0.252396] Table-perturb hash table entries: 65536 (order: 6, 262144 bytes, linear)
[    0.252478] TCP established hash table entries: 131072 (order: 8, 1048576 bytes, linear)
[    0.252623] TCP bind hash table entries: 65536 (order: 8, 1048576 bytes, linear)
[    0.252676] TCP: Hash tables configured (established 131072 bind 65536)
[    0.252751] MPTCP token hash table entries: 16384 (order: 6, 393216 bytes, linear)
[    0.252800] UDP hash table entries: 8192 (order: 6, 262144 bytes, linear)
[    0.252832] UDP-Lite hash table entries: 8192 (order: 6, 262144 bytes, linear)
[    0.252871] NET: Registered PF_UNIX/PF_LOCAL protocol family
[    0.252876] NET: Registered PF_XDP protocol family
[    0.252885] clipped [mem size 0x00000000 64bit pref] to [mem size 0xfffffffffffa0000 64bit pref] for e820 entry [mem 0x0009f000-0x000fffff]
[    0.252889] clipped [mem size 0x00000000 64bit pref] to [mem size 0xfffffffffffe8000 64bit pref] for e820 entry [mem 0x0009f000-0x000fffff]
[    0.252891] pci 0000:00:02.0: BAR 9: assigned [mem 0x4020000000-0x40ffffffff 64bit pref]
[    0.252894] clipped [mem size 0x00000000 64bit] to [mem size 0xfffffffffffa0000 64bit] for e820 entry [mem 0x0009f000-0x000fffff]
[    0.252895] clipped [mem size 0x00000000 64bit] to [mem size 0xfffffffffffe8000 64bit] for e820 entry [mem 0x0009f000-0x000fffff]
[    0.252896] pci 0000:00:02.0: BAR 7: assigned [mem 0x4010000000-0x4016ffffff 64bit]
[    0.252898] clipped [mem size 0x00000000 64bit] to [mem size 0xfffffffffffa0000 64bit] for e820 entry [mem 0x0009f000-0x000fffff]
[    0.252899] clipped [mem size 0x00000000 64bit] to [mem size 0xfffffffffffe8000 64bit] for e820 entry [mem 0x0009f000-0x000fffff]
[    0.252900] pci 0000:00:15.0: BAR 0: assigned [mem 0x4017000000-0x4017000fff 64bit]
[    0.252956] clipped [mem size 0x00000000 64bit] to [mem size 0xfffffffffffa0000 64bit] for e820 entry [mem 0x0009f000-0x000fffff]
[    0.252957] clipped [mem size 0x00000000 64bit] to [mem size 0xfffffffffffe8000 64bit] for e820 entry [mem 0x0009f000-0x000fffff]
[    0.252958] pci 0000:00:15.1: BAR 0: assigned [mem 0x4017001000-0x4017001fff 64bit]
[    0.253016] clipped [mem size 0x00020000] to [mem size 0xfffffffffffc0000] for e820 entry [mem 0x0009f000-0x000fffff]
[    0.253017] clipped [mem size 0x00008000] to [mem size 0xffffffffffff0000] for e820 entry [mem 0x0009f000-0x000fffff]
[    0.253018] pci 0000:00:1f.5: BAR 0: assigned [mem 0x80400000-0x80400fff]
[    0.253030] pci 0000:00:1c.0: PCI bridge to [bus 01]
[    0.253032] pci 0000:00:1c.0:   bridge window [io  0x3000-0x3fff]
[    0.253036] pci 0000:00:1c.0:   bridge window [mem 0x84000000-0x840fffff]
[    0.253043] pci_bus 0000:00: resource 4 [io  0x0000-0x0cf7 window]
[    0.253044] pci_bus 0000:00: resource 5 [io  0x0d00-0xffff window]
[    0.253045] pci_bus 0000:00: resource 6 [mem 0x000a0000-0x000bffff window]
[    0.253046] pci_bus 0000:00: resource 7 [mem 0x000e8000-0x000effff window]
[    0.253046] pci_bus 0000:00: resource 8 [mem 0x80400000-0xbfffffff window]
[    0.253047] pci_bus 0000:00: resource 9 [mem 0x4000000000-0x7fffffffff window]
[    0.253048] pci_bus 0000:01: resource 0 [io  0x3000-0x3fff]
[    0.253049] pci_bus 0000:01: resource 1 [mem 0x84000000-0x840fffff]
[    0.253510] PCI: CLS 64 bytes, default 64
[    0.253523] PCI-DMA: Using software bounce buffering for IO (SWIOTLB)
[    0.253524] software IO TLB: mapped [mem 0x00000000613d6000-0x00000000653d6000] (64MB)
[    0.253545] clocksource: tsc: mask: 0xffffffffffffffff max_cycles: 0x22df1149949, max_idle_ns: 440795312789 ns
[    0.253580] clocksource: Switched to clocksource tsc
[    0.253586] Trying to unpack rootfs image as initramfs...
[    0.257655] Initialise system trusted keyrings
[    0.257662] Key type blacklist registered
[    0.257684] workingset: timestamp_bits=41 max_order=22 bucket_order=0
[    0.258265] zbud: loaded
[    0.258366] integrity: Platform Keyring initialized
[    0.258368] integrity: Machine keyring initialized
[    0.265452] Key type asymmetric registered
[    0.265454] Asymmetric key parser 'x509' registered
[    0.287782] Freeing initrd memory: 15084K
[    0.289506] alg: self-tests for CTR-KDF (hmac(sha256)) passed
[    0.289516] Block layer SCSI generic (bsg) driver version 0.4 loaded (major 243)
[    0.289534] io scheduler mq-deadline registered
[    0.289534] io scheduler kyber registered
[    0.289547] io scheduler bfq registered
[    0.291595] pcieport 0000:00:1c.0: PME: Signaling with IRQ 122
[    0.291682] pcieport 0000:00:1c.0: AER: enabled with IRQ 122
[    0.291705] pcieport 0000:00:1c.0: DPC: enabled with IRQ 122
[    0.291705] pcieport 0000:00:1c.0: DPC: error containment capabilities: Int Msg #0, RPExt+ PoisonedTLP+ SwTrigger+ RP PIO Log 4, DL_ActiveErr+
[    0.291792] shpchp: Standard Hot Plug PCI Controller Driver version: 0.4
[    0.292001] Monitor-Mwait will be used to enter C-1 state
[    0.292020] Monitor-Mwait will be used to enter C-2 state
[    0.292024] Monitor-Mwait will be used to enter C-3 state
[    0.292026] ACPI: \_SB_.PR00: Found 3 idle states
[    0.292709] ACPI: AC: AC Adapter [ADP1] (on-line)
[    0.292745] input: Lid Switch as /devices/LNXSYSTM:00/LNXSYBUS:00/PNP0C0D:00/input/input0
[    0.292755] ACPI: button: Lid Switch [LID0]
[    0.292766] input: Power Button as /devices/LNXSYSTM:00/LNXSYBUS:00/PNP0C0C:00/input/input1
[    0.292773] ACPI: button: Power Button [PWRB]
[    0.292784] input: Power Button as /devices/LNXSYSTM:00/LNXPWRBN:00/input/input2
[    0.292913] ACPI: button: Power Button [PWRF]
[    0.295676] thermal LNXTHERM:00: registered as thermal_zone0
[    0.295678] ACPI: thermal: Thermal Zone [TZ01] (38 C)
[    0.295920] Serial: 8250/16550 driver, 32 ports, IRQ sharing enabled
[    0.297266] hpet_acpi_add: no address or irqs in _CRS
[    0.297287] Non-volatile memory driver v1.3
[    0.297287] Linux agpgart interface v0.103
[    0.297288] AMD-Vi: AMD IOMMUv2 functionality not available on this system - This is not a bug.
[    0.297808] ACPI: bus type drm_connector registered
[    0.297890] ehci_hcd: USB 2.0 'Enhanced' Host Controller (EHCI) Driver
[    0.297891] ehci-pci: EHCI PCI platform driver
[    0.297896] ohci_hcd: USB 1.1 'Open' Host Controller (OHCI) Driver
[    0.297897] ohci-pci: OHCI PCI platform driver
[    0.297902] uhci_hcd: USB Universal Host Controller Interface driver
[    0.297920] usbcore: registered new interface driver usbserial_generic
[    0.297923] usbserial: USB Serial support registered for generic
[    0.298070] rtc_cmos 00:01: RTC can wake from S4
[    0.298949] rtc_cmos 00:01: registered as rtc0
[    0.299123] rtc_cmos 00:01: setting system clock to 2022-11-23T21:00:55 UTC (1669237255)
[    0.299132] rtc_cmos 00:01: alarms up to one month, y3k, 242 bytes nvram
[    0.299240] intel_pstate: Intel P-state driver initializing
[    0.299547] intel_pstate: HWP enabled
[    0.299647] ledtrig-cpu: registered to indicate activity on CPUs
[    0.299742] efifb: probing for efifb
[    0.299747] efifb: framebuffer at 0x4000000000, using 8100k, total 8100k
[    0.299749] efifb: mode is 1920x1080x32, linelength=7680, pages=1
[    0.299749] efifb: scrolling: redraw
[    0.299750] efifb: Truecolor: size=8:8:8:8, shift=24:16:8:0
[    0.299885] Console: switching to colour frame buffer device 240x67
[    0.301938] fb0: EFI VGA frame buffer device
[    0.301951] hid: raw HID events driver (C) Jiri Kosina
[    0.302032] intel_pmc_core INT33A1:00:  initialized
[    0.302095] drop_monitor: Initializing network drop monitor service
[    0.309846] Initializing XFRM netlink socket
[    0.309911] NET: Registered PF_INET6 protocol family
[    0.311173] ACPI: battery: Slot [BAT0] (battery present)
[    0.312425] Segment Routing with IPv6
[    0.312427] RPL Segment Routing with IPv6
[    0.312435] In-situ OAM (IOAM) with IPv6
[    0.312450] NET: Registered PF_PACKET protocol family
[    0.312974] microcode: sig=0x806c1, pf=0x80, revision=0xa6
[    0.312994] microcode: Microcode Update Driver: v2.2.
[    0.313030] resctrl: L2 allocation detected
[    0.313034] IPI shorthand broadcast: enabled
[    0.313049] sched_clock: Marking stable (306622919, 6401297)->(334783716, -21759500)
[    0.313193] registered taskstats version 1
[    0.313253] Loading compiled-in X.509 certificates
[    0.314886] Loaded X.509 cert 'Build time autogenerated kernel key: 9fde712a0203ea429fd2147ac08d4c3a0e4e4e90'
[    0.315138] zswap: loaded using pool lz4/z3fold
[    0.315273] Key type .fscrypt registered
[    0.315274] Key type fscrypt-provisioning registered
[    0.315504] integrity: Loading X.509 certificate: UEFI:db
[    0.315519] integrity: Loaded X.509 cert 'HP Inc.: HP UEFI Secure Boot DB 2017: d9c01b50cfcae89d3b05345c163aa76e5dd589e7'
[    0.315519] integrity: Loading X.509 certificate: UEFI:db
[    0.315530] integrity: Loaded X.509 cert 'Microsoft Windows Production PCA 2011: a92902398e16c49778cd90f99e4f9ae17c55af53'
[    0.315531] integrity: Loading X.509 certificate: UEFI:db
[    0.315541] integrity: Loaded X.509 cert 'Microsoft Corporation UEFI CA 2011: 13adbf4309bd82709c8cd54f316ed522988a1bd4'
[    0.316758] PM:   Magic number: 14:948:45
[    0.316872] RAS: Correctable Errors collector initialized.
[    0.321595] Freeing unused decrypted memory: 2036K
[    0.321817] Freeing unused kernel image (initmem) memory: 2136K
[    0.329261] Write protecting the kernel read-only data: 32768k
[    0.329644] Freeing unused kernel image (text/rodata gap) memory: 2040K
[    0.329809] Freeing unused kernel image (rodata/data gap) memory: 1036K
[    0.336420] x86/mm: Checked W+X mappings: passed, no W+X pages found.
[    0.336423] rodata_test: all tests were successful
[    0.336427] Run /init as init process
[    0.336428]   with arguments:
[    0.336429]     /init
[    0.336429]     ﻿
[    0.336430]   with environment:
[    0.336430]     HOME=/
[    0.336431]     TERM=linux
[    0.408214] i8042: PNP: PS/2 Controller [PNP0303:PS2K] at 0x60,0x64 irq 1
[    0.408217] i8042: PNP: PS/2 appears to have AUX port disabled, if this is incorrect please boot with i8042.nopnp
[    0.409176] serio: i8042 KBD port at 0x60,0x64 irq 1
[    0.411235] vmd 0000:00:0e.0: PCI host bridge to bus 10000:e0
[    0.411239] pci_bus 10000:e0: root bus resource [bus e0-ff]
[    0.411241] pci_bus 10000:e0: root bus resource [mem 0x82000000-0x83ffffff]
[    0.411242] pci_bus 10000:e0: root bus resource [mem 0x6003102000-0x60031fffff 64bit]
[    0.411281] pci 10000:e0:1d.0: [8086:a0b0] type 01 class 0x060400
[    0.411386] pci 10000:e0:1d.0: PME# supported from D0 D3hot D3cold
[    0.411427] pci 10000:e0:1d.0: PTM enabled (root), 4ns granularity
[    0.411521] pci 10000:e0:1d.0: Primary bus is hard wired to 0
[    0.411573] pci 10000:e1:00.0: [1c5c:174a] type 00 class 0x010802
[    0.411606] pci 10000:e1:00.0: reg 0x10: [mem 0x82000000-0x82003fff 64bit]
[    0.411620] pci 10000:e1:00.0: reg 0x18: [mem 0x00000000-0x00000fff]
[    0.411634] pci 10000:e1:00.0: reg 0x1c: [mem 0x00000000-0x00000fff]
[    0.411937] pci 10000:e0:1d.0: PCI bridge to [bus e1]
[    0.411940] pci 10000:e0:1d.0:   bridge window [io  0x0000-0x0fff]
[    0.411943] pci 10000:e0:1d.0:   bridge window [mem 0x82000000-0x820fffff]
[    0.411951] pci 10000:e0:1d.0: Primary bus is hard wired to 0
[    0.413753] xhci_hcd 0000:00:14.0: xHCI Host Controller
[    0.413760] xhci_hcd 0000:00:14.0: new USB bus registered, assigned bus number 1
[    0.414845] xhci_hcd 0000:00:14.0: hcc params 0x20007fc1 hci version 0x120 quirks 0x0000000200009810
[    0.415075] xhci_hcd 0000:00:14.0: xHCI Host Controller
[    0.415078] xhci_hcd 0000:00:14.0: new USB bus registered, assigned bus number 2
[    0.415080] xhci_hcd 0000:00:14.0: Host supports USB 3.1 Enhanced SuperSpeed
[    0.415142] usb usb1: New USB device found, idVendor=1d6b, idProduct=0002, bcdDevice= 6.00
[    0.415144] usb usb1: New USB device strings: Mfr=3, Product=2, SerialNumber=1
[    0.415145] usb usb1: Product: xHCI Host Controller
[    0.415146] usb usb1: Manufacturer: Linux 6.0.9-zen1-1-zen xhci-hcd
[    0.415147] usb usb1: SerialNumber: 0000:00:14.0
[    0.415329] hub 1-0:1.0: USB hub found
[    0.415349] hub 1-0:1.0: 12 ports detected
[    0.415542] pci 10000:e0:1d.0: BAR 14: assigned [mem 0x82000000-0x820fffff]
[    0.415544] pci 10000:e0:1d.0: BAR 13: no space for [io  size 0x1000]
[    0.415546] pci 10000:e0:1d.0: BAR 13: failed to assign [io  size 0x1000]
[    0.415549] pci 10000:e1:00.0: BAR 0: assigned [mem 0x82000000-0x82003fff 64bit]
[    0.415566] pci 10000:e1:00.0: BAR 2: assigned [mem 0x82004000-0x82004fff]
[    0.415572] pci 10000:e1:00.0: BAR 3: assigned [mem 0x82005000-0x82005fff]
[    0.415577] pci 10000:e0:1d.0: PCI bridge to [bus e1]
[    0.415584] pci 10000:e0:1d.0:   bridge window [mem 0x82000000-0x820fffff]
[    0.415614] pcieport 10000:e0:1d.0: can't derive routing for PCI INT A
[    0.415616] pcieport 10000:e0:1d.0: PCI INT A: no GSI
[    0.415687] pcieport 10000:e0:1d.0: PME: Signaling with IRQ 143
[    0.415766] pcieport 10000:e0:1d.0: AER: enabled with IRQ 143
[    0.416219] pcieport 10000:e0:1d.0: DPC: enabled with IRQ 143
[    0.416221] pcieport 10000:e0:1d.0: DPC: error containment capabilities: Int Msg #0, RPExt+ PoisonedTLP+ SwTrigger+ RP PIO Log 4, DL_ActiveErr+
[    0.416812] vmd 0000:00:0e.0: Bound to PCI domain 10000
[    0.417334] usb usb2: New USB device found, idVendor=1d6b, idProduct=0003, bcdDevice= 6.00
[    0.417336] usb usb2: New USB device strings: Mfr=3, Product=2, SerialNumber=1
[    0.417337] usb usb2: Product: xHCI Host Controller
[    0.417338] usb usb2: Manufacturer: Linux 6.0.9-zen1-1-zen xhci-hcd
[    0.417338] usb usb2: SerialNumber: 0000:00:14.0
[    0.417417] hub 2-0:1.0: USB hub found
[    0.417435] hub 2-0:1.0: 4 ports detected
[    0.417948] usb: port power management may be unreliable
[    0.428444] nvme nvme0: pci function 10000:e1:00.0
[    0.428461] pcieport 10000:e0:1d.0: can't derive routing for PCI INT A
[    0.428463] nvme 10000:e1:00.0: PCI INT A: not connected
[    0.500687] nvme nvme0: 8/0/0 default/read/poll queues
[    0.506047] nvme nvme0: Ignoring bogus Namespace Identifiers
[    0.509125]  nvme0n1: p1 p2 p3 p4 p5
[    0.572611] EXT4-fs (nvme0n1p5): mounted filesystem with ordered data mode. Quota mode: none.
[    0.631012] systemd[1]: systemd 252.1-2-arch running in system mode (+PAM +AUDIT -SELINUX -APPARMOR -IMA +SMACK +SECCOMP +GCRYPT +GNUTLS +OPENSSL +ACL +BLKID +CURL +ELFUTILS +FIDO2 +IDN2 -IDN +IPTC +KMOD +LIBCRYPTSETUP +LIBFDISK +PCRE2 -PWQUALITY +P11KIT -QRENCODE +TPM2 +BZIP2 +LZ4 +XZ +ZLIB +ZSTD -BPF_FRAMEWORK +XKBCOMMON +UTMP -SYSVINIT default-hierarchy=unified)
[    0.631016] systemd[1]: Detected architecture x86-64.
[    0.631507] systemd[1]: Hostname set to <arthur-hplaptop>.
[    0.656190] usb 1-3: new high-speed USB device number 2 using xhci_hcd
[    0.701966] systemd[1]: Queued start job for default target Graphical Interface.
[    0.711609] systemd[1]: Created slice Slice /system/getty.
[    0.711899] systemd[1]: Created slice Slice /system/modprobe.
[    0.712053] systemd[1]: Created slice Slice /system/systemd-fsck.
[    0.712153] systemd[1]: Created slice User and Session Slice.
[    0.712203] systemd[1]: Started Dispatch Password Requests to Console Directory Watch.
[    0.712242] systemd[1]: Started Forward Password Requests to Wall Directory Watch.
[    0.712405] systemd[1]: Set up automount Arbitrary Executable File Formats File System Automount Point.
[    0.712444] systemd[1]: Reached target Local Encrypted Volumes.
[    0.712465] systemd[1]: Reached target Login Prompts.
[    0.712486] systemd[1]: Reached target Local Integrity Protected Volumes.
[    0.712512] systemd[1]: Reached target Remote File Systems.
[    0.712532] systemd[1]: Reached target Slice Units.
[    0.712553] systemd[1]: Reached target Swaps.
[    0.712569] systemd[1]: Reached target System Time Set.
[    0.712591] systemd[1]: Reached target Local Verity Protected Volumes.
[    0.712644] systemd[1]: Listening on Device-mapper event daemon FIFOs.
[    0.712872] systemd[1]: Listening on LVM2 poll daemon socket.
[    0.713417] systemd[1]: Listening on Process Core Dump Socket.
[    0.713497] systemd[1]: Listening on Journal Audit Socket.
[    0.713565] systemd[1]: Listening on Journal Socket (/dev/log).
[    0.713643] systemd[1]: Listening on Journal Socket.
[    0.713882] systemd[1]: Listening on udev Control Socket.
[    0.713947] systemd[1]: Listening on udev Kernel Socket.
[    0.714534] systemd[1]: Mounting Huge Pages File System...
[    0.715072] systemd[1]: Mounting POSIX Message Queue File System...
[    0.715612] systemd[1]: Mounting Kernel Debug File System...
[    0.716066] systemd[1]: Mounting Kernel Trace File System...
[    0.716783] systemd[1]: Mounting Temporary Directory /tmp...
[    0.717326] systemd[1]: Starting Create List of Static Device Nodes...
[    0.717754] systemd[1]: Starting Monitoring of LVM2 mirrors, snapshots etc. using dmeventd or progress polling...
[    0.718163] systemd[1]: Starting Load Kernel Module configfs...
[    0.718560] systemd[1]: Starting Load Kernel Module drm...
[    0.719698] systemd[1]: Starting Load Kernel Module fuse...
[    0.720495] systemd[1]: File System Check on Root Device was skipped because of an unmet condition check (ConditionPathIsReadWrite=!/).
[    0.721258] systemd[1]: Starting Journal Service...
[    0.723233] systemd[1]: Starting Load Kernel Modules...
[    0.724869] systemd[1]: Starting Remount Root and Kernel File Systems...
[    0.726000] systemd[1]: Repartition Root Disk was skipped because no trigger condition checks were met.
[    0.726598] systemd[1]: Starting Coldplug All udev Devices...
[    0.728141] EXT4-fs (nvme0n1p5): re-mounted. Quota mode: none.
[    0.728736] systemd[1]: Mounted Huge Pages File System.
[    0.729587] fuse: init (API version 7.36)
[    0.729932] systemd[1]: Mounted POSIX Message Queue File System.
[    0.730761] systemd[1]: Mounted Kernel Debug File System.
[    0.731504] systemd[1]: Mounted Kernel Trace File System.
[    0.732236] systemd[1]: Mounted Temporary Directory /tmp.
[    0.733004] systemd[1]: Finished Create List of Static Device Nodes.
[    0.733514] Asymmetric key parser 'pkcs8' registered
[    0.733739] audit: type=1130 audit(1669237255.933:2): pid=1 uid=0 auid=4294967295 ses=4294967295 msg='unit=kmod-static-nodes comm="systemd" exe="/usr/lib/systemd/systemd" hostname=? addr=? terminal=? res=success'
[    0.733846] systemd[1]: modprobe@configfs.service: Deactivated successfully.
[    0.733906] systemd[1]: Finished Load Kernel Module configfs.
[    0.734593] audit: type=1130 audit(1669237255.934:3): pid=1 uid=0 auid=4294967295 ses=4294967295 msg='unit=modprobe@configfs comm="systemd" exe="/usr/lib/systemd/systemd" hostname=? addr=? terminal=? res=success'
[    0.734596] audit: type=1131 audit(1669237255.934:4): pid=1 uid=0 auid=4294967295 ses=4294967295 msg='unit=modprobe@configfs comm="systemd" exe="/usr/lib/systemd/systemd" hostname=? addr=? terminal=? res=success'
[    0.734709] systemd[1]: modprobe@drm.service: Deactivated successfully.
[    0.734764] systemd[1]: Finished Load Kernel Module drm.
[    0.735453] audit: type=1130 audit(1669237255.935:5): pid=1 uid=0 auid=4294967295 ses=4294967295 msg='unit=modprobe@drm comm="systemd" exe="/usr/lib/systemd/systemd" hostname=? addr=? terminal=? res=success'
[    0.735455] audit: type=1131 audit(1669237255.935:6): pid=1 uid=0 auid=4294967295 ses=4294967295 msg='unit=modprobe@drm comm="systemd" exe="/usr/lib/systemd/systemd" hostname=? addr=? terminal=? res=success'
[    0.735545] systemd[1]: modprobe@fuse.service: Deactivated successfully.
[    0.735601] systemd[1]: Finished Load Kernel Module fuse.
[    0.736335] audit: type=1130 audit(1669237255.936:7): pid=1 uid=0 auid=4294967295 ses=4294967295 msg='unit=modprobe@fuse comm="systemd" exe="/usr/lib/systemd/systemd" hostname=? addr=? terminal=? res=success'
[    0.736337] audit: type=1131 audit(1669237255.936:8): pid=1 uid=0 auid=4294967295 ses=4294967295 msg='unit=modprobe@fuse comm="systemd" exe="/usr/lib/systemd/systemd" hostname=? addr=? terminal=? res=success'
[    0.736434] systemd[1]: Finished Load Kernel Modules.
[    0.737132] audit: type=1130 audit(1669237255.936:9): pid=1 uid=0 auid=4294967295 ses=4294967295 msg='unit=systemd-modules-load comm="systemd" exe="/usr/lib/systemd/systemd" hostname=? addr=? terminal=? res=success'
[    0.737221] systemd[1]: Finished Remount Root and Kernel File Systems.
[    0.737920] audit: type=1130 audit(1669237255.937:10): pid=1 uid=0 auid=4294967295 ses=4294967295 msg='unit=systemd-remount-fs comm="systemd" exe="/usr/lib/systemd/systemd" hostname=? addr=? terminal=? res=success'
[    0.758293] systemd[1]: Mounting FUSE Control File System...
[    0.759406] systemd[1]: Mounting Kernel Configuration File System...
[    0.760069] systemd[1]: First Boot Wizard was skipped because of an unmet condition check (ConditionFirstBoot=yes).
[    0.760299] systemd[1]: Rebuild Hardware Database was skipped because no trigger condition checks were met.
[    0.760695] systemd[1]: Starting Load/Save Random Seed...
[    0.761749] systemd[1]: Starting Apply Kernel Variables...
[    0.762856] systemd[1]: Starting Create System Users...
[    0.764574] systemd[1]: Started Journal Service.
[    0.772572] systemd-journald[245]: Received client request to flush runtime journal.
[    0.773124] systemd-journald[245]: File /var/log/journal/53118409eaa64e05a9ab057c3691d3ac/system.journal corrupted or uncleanly shut down, renaming and replacing.
[    0.793857] usb 1-3: New USB device found, idVendor=0408, idProduct=5365, bcdDevice= 0.02
[    0.793860] usb 1-3: New USB device strings: Mfr=1, Product=2, SerialNumber=0
[    0.793861] usb 1-3: Product: HP TrueVision HD Camera
[    0.793862] usb 1-3: Manufacturer: SunplusIT Inc
[    0.853758] input: Wireless hotkeys as /devices/virtual/input/input4
[    0.865726] Consider using thermal netlink events interface
[    0.909211] usb 1-5: new full-speed USB device number 3 using xhci_hcd
[    0.926986] acpi PNP0C14:01: duplicate WMI GUID 05901221-D566-11D1-B2F0-00A0C9062910 (first instance was on PNP0C14:00)
[    0.927147] acpi PNP0C14:02: duplicate WMI GUID 05901221-D566-11D1-B2F0-00A0C9062910 (first instance was on PNP0C14:00)
[    0.959161] EDAC igen6: v2.5
[    1.011198] intel-lpss 0000:00:15.0: enabling device (0004 -> 0006)
[    1.011614] idma64 idma64.0: Found Intel integrated DMA 64-bit
[    1.028398] proc_thermal 0000:00:04.0: enabling device (0000 -> 0002)
[    1.028410] mei_me 0000:00:16.0: enabling device (0000 -> 0002)
[    1.028425] intel-lpss 0000:00:15.1: enabling device (0004 -> 0006)
[    1.029223] idma64 idma64.1: Found Intel integrated DMA 64-bit
[    1.030025] intel_rapl_common: Found RAPL domain package
[    1.040434] usb 1-5: New USB device found, idVendor=1fd2, idProduct=8013, bcdDevice= 1.00
[    1.040439] usb 1-5: New USB device strings: Mfr=1, Product=2, SerialNumber=0
[    1.040441] usb 1-5: Product: LGDisplay Incell Touch
[    1.040442] usb 1-5: Manufacturer: Melfas
[    1.078920] cfg80211: Loading compiled-in X.509 certificates for regulatory database
[    1.080390] cfg80211: Loaded X.509 cert 'sforshee: 00b28ddf47aef9cea7'
[    1.087741] platform regulatory.0: Direct firmware load for regulatory.db failed with error -2
[    1.087747] cfg80211: failed to load regulatory.db
[    1.108652] input: PC Speaker as /devices/platform/pcspkr/input/input5
[    1.110264] resource sanity check: requesting [mem 0xfedc0000-0xfedcdfff], which spans more than pnp 00:04 [mem 0xfedc0000-0xfedc7fff]
[    1.110270] caller __uncore_imc_init_box+0xc4/0x120 [intel_uncore] mapping multiple BARs
[    1.115452] input: ELAN0712:00 04F3:30FD Mouse as /devices/pci0000:00/0000:00:15.1/i2c_designware.1/i2c-1/i2c-ELAN0712:00/0018:04F3:30FD.0001/input/input6
[    1.115521] input: ELAN0712:00 04F3:30FD Touchpad as /devices/pci0000:00/0000:00:15.1/i2c_designware.1/i2c-1/i2c-ELAN0712:00/0018:04F3:30FD.0001/input/input8
[    1.115561] hid-generic 0018:04F3:30FD.0001: input,hidraw0: I2C HID v1.00 Mouse [ELAN0712:00 04F3:30FD] on i2c-ELAN0712:00
[    1.138060] spi-nor spi0.0: w25q128 (16384 Kbytes)
[    1.141398] i801_smbus 0000:00:1f.4: SPD Write Disable is set
[    1.141475] i801_smbus 0000:00:1f.4: SMBus using PCI interrupt
[    1.143513] i2c i2c-2: 2/2 memory slots populated (from DMI)
[    1.143897] Creating 1 MTD partitions on "0000:00:1f.5":
[    1.143901] 0x000000000000-0x000001000000 : "BIOS"
[    1.144218] i2c i2c-2: Successfully instantiated SPD at 0x50
[    1.157190] usb 1-10: new full-speed USB device number 4 using xhci_hcd
[    1.167185] cryptd: max_cpu_qlen set to 1000
[    1.222379] AVX2 version of gcm_enc/dec engaged.
[    1.222415] AES CTR mode by8 optimization enabled
[    1.286025] usb 1-10: New USB device found, idVendor=0bda, idProduct=b00e, bcdDevice= 1.10
[    1.286029] usb 1-10: New USB device strings: Mfr=1, Product=2, SerialNumber=3
[    1.286030] usb 1-10: Product: Bluetooth Radio 
[    1.286031] usb 1-10: Manufacturer: Realtek 
[    1.286032] usb 1-10: SerialNumber: 00e04c000001
[    1.328325] intel_rapl_msr: PL4 support detected.
[    1.328396] intel_rapl_common: Found RAPL domain package
[    1.328399] intel_rapl_common: Found RAPL domain core
[    1.328400] intel_rapl_common: Found RAPL domain uncore
[    1.347388] Console: switching to colour dummy device 80x25
[    1.347468] i915 0000:00:02.0: vgaarb: deactivate vga console
[    1.347527] i915 0000:00:02.0: [drm] Using Transparent Hugepages
[    1.349323] i915 0000:00:02.0: vgaarb: changed VGA decodes: olddecodes=io+mem,decodes=io+mem:owns=io+mem
[    1.352114] i915 0000:00:02.0: [drm] Finished loading DMC firmware i915/tgl_dmc_ver2_12.bin (v2.12)
[    1.355767] mei_hdcp 0000:00:16.0-b638ab7e-94e2-4ea2-a552-d1c54b627f04: bound 0000:00:02.0 (ops i915_hdcp_component_ops [i915])
[    1.366494] ------------[ cut here ]------------
[    1.366497] i915 0000:00:02.0: drm_WARN_ON(val == 0xffffffff)
[    1.366518] WARNING: CPU: 1 PID: 273 at drivers/gpu/drm/i915/display/intel_tc.c:884 intel_tc_port_init+0x298/0x2a0 [i915]
[    1.366641] Modules linked in: snd_hwdep(+) iptable_filter sparse_keymap acpi_cpufreq(-) polyval_generic mei_pxp rtw88_core snd_pcm gf128mul ghash_clmulni_intel mei_hdcp intel_rapl_msr platform_profile wmi_bmof i915(+) aesni_intel snd_timer crypto_simd mac80211 cryptd snd i2c_i801 libarc4 spi_nor intel_cstate drm_buddy intel_uncore pcspkr mtd i2c_smbus cfg80211 soundcore processor_thermal_device_pci_legacy mei_me ttm processor_thermal_device rfkill mei intel_lpss_pci processor_thermal_rfim drm_display_helper processor_thermal_mbox intel_lpss cec processor_thermal_rapl idma64 intel_rapl_common intel_gtt igen6_edac intel_soc_dts_iosf tpm_crb i2c_hid_acpi vfat wmi fat i2c_hid tpm_tis tpm_tis_core tpm int3400_thermal rng_core video int3403_thermal int340x_thermal_zone acpi_thermal_rel wireless_hotkey dptf_pch_fivr acpi_pad mac_hid pkcs8_key_parser crypto_user fuse bpf_preload ip_tables x_tables ext4 crc32c_generic crc16 mbcache jbd2 nvme serio_raw atkbd nvme_core libps2 nvme_common
[    1.366695]  vivaldi_fmap spi_intel_pci crc32c_intel xhci_pci xhci_pci_renesas vmd spi_intel i8042 serio
[    1.366701] CPU: 1 PID: 273 Comm: systemd-udevd Not tainted 6.0.9-zen1-1-zen #1 f876eedae1a21d669d9438bc7a0d6dc09f165943
[    1.366705] Hardware name: HP HP Laptop 15-dy2xxx/87FE, BIOS F.21 03/21/2022
[    1.366706] RIP: 0010:intel_tc_port_init+0x298/0x2a0 [i915]
[    1.366798] Code: 4c 8b 67 50 4d 85 e4 75 03 4c 8b 27 e8 31 f7 b6 e7 48 c7 c1 f8 7f 05 c1 4c 89 e2 48 c7 c7 d9 3c 07 c1 48 89 c6 e8 40 29 02 e8 <0f> 0b e9 23 ff ff ff 90 f3 0f 1e fa 0f 1f 44 00 00 41 54 55 89 f5
[    1.366800] RSP: 0018:ffffa37b8114f878 EFLAGS: 00010282
[    1.366802] RAX: 0000000000000000 RBX: ffff8a2d0e322000 RCX: 0000000000000027
[    1.366803] RDX: ffff8a2f73a61668 RSI: 0000000000000001 RDI: ffff8a2f73a61660
[    1.366805] RBP: 0000000000000000 R08: 0000000000000001 R09: 00000000ffffffea
[    1.366806] R10: ffffffffaa25b6a0 R11: 0000000000000001 R12: ffff8a2d01d4edd0
[    1.366807] R13: ffff8a2d0e322fa0 R14: 00000000ffffffff R15: 0000000000000046
[    1.366808] FS:  00007fea83bd13c0(0000) GS:ffff8a2f73a40000(0000) knlGS:0000000000000000
[    1.366810] CS:  0010 DS: 0000 ES: 0000 CR0: 0000000080050033
[    1.366812] CR2: 000055b476b965c8 CR3: 0000000103ac8002 CR4: 0000000000f70ee0
[    1.366813] PKRU: 55555554
[    1.366815] Call Trace:
[    1.366817]  <TASK>
[    1.366820]  intel_ddi_init+0x731/0xce0 [i915 12cf98e17b636d0c6f882971bf94339fd71caf9f]
[    1.366915]  intel_modeset_init_nogem+0x8f3/0x1210 [i915 12cf98e17b636d0c6f882971bf94339fd71caf9f]
[    1.367015]  ? fwtable_read32+0x9b/0x2a0 [i915 12cf98e17b636d0c6f882971bf94339fd71caf9f]
[    1.367103]  i915_driver_probe+0x4b2/0xe60 [i915 12cf98e17b636d0c6f882971bf94339fd71caf9f]
[    1.367737]  ? intel_modeset_probe_defer+0x4f/0x60 [i915 12cf98e17b636d0c6f882971bf94339fd71caf9f]
[    1.367854]  ? i915_pci_probe+0x43/0x160 [i915 12cf98e17b636d0c6f882971bf94339fd71caf9f]
[    1.367937]  pci_device_probe+0xef/0x2a0
[    1.367941]  ? sysfs_create_link+0x75/0xd0
[    1.367945]  really_probe+0xdb/0x3f0
[    1.367949]  ? pm_runtime_barrier+0x54/0x90
[    1.367951]  __driver_probe_device+0x78/0x170
[    1.367954]  driver_probe_device+0x1f/0x110
[    1.367956]  __driver_attach+0xa0/0x200
[    1.367958]  ? __device_attach_driver+0x150/0x150
[    1.367960]  bus_for_each_dev+0x88/0xd0
[    1.367963]  bus_add_driver+0x1b2/0x200
[    1.367966]  driver_register+0x8d/0xe0
[    1.367968]  i915_init+0x23/0x83 [i915 12cf98e17b636d0c6f882971bf94339fd71caf9f]
[    1.368057]  ? 0xffffffffc1174000
[    1.368059]  do_one_initcall+0x115/0x2e0
[    1.368064]  do_init_module+0x4a/0x1e0
[    1.368067]  __x64_sys_init_module+0xc1/0xe0
[    1.368070]  do_syscall_64+0x5c/0x90
[    1.368074]  ? __vm_munmap+0x93/0x130
[    1.368077]  ? syscall_exit_to_user_mode+0x2c/0x1d0
[    1.368079]  ? do_syscall_64+0x6b/0x90
[    1.368080]  ? exc_page_fault+0x74/0x170
[    1.368082]  entry_SYSCALL_64_after_hwframe+0x63/0xcd
[    1.368086] RIP: 0033:0x7fea846c8eae
[    1.368089] Code: 48 8b 0d dd ee 0c 00 f7 d8 64 89 01 48 83 c8 ff c3 66 2e 0f 1f 84 00 00 00 00 00 90 f3 0f 1e fa 49 89 ca b8 af 00 00 00 0f 05 <48> 3d 01 f0 ff ff 73 01 c3 48 8b 0d aa ee 0c 00 f7 d8 64 89 01 48
[    1.368090] RSP: 002b:00007fff34eea5b8 EFLAGS: 00000246 ORIG_RAX: 00000000000000af
[    1.368092] RAX: ffffffffffffffda RBX: 00005582e6650360 RCX: 00007fea846c8eae
[    1.368094] RDX: 00007fea84b8a343 RSI: 0000000000708268 RDI: 00007fea81f40010
[    1.368095] RBP: 00007fea84b8a343 R08: 0000000000261000 R09: 85ebca77c2b2ae63
[    1.368096] R10: 0000000000013521 R11: 0000000000000246 R12: 0000000000020000
[    1.368097] R13: 00005582e664ed00 R14: 00005582e6650360 R15: 00005582e6750590
[    1.368099]  </TASK>
[    1.368099] ---[ end trace 0000000000000000 ]---
[    1.368155] ------------[ cut here ]------------
[    1.368156] i915 0000:00:02.0: drm_WARN_ON(val == 0xffffffff)
[    1.368175] WARNING: CPU: 1 PID: 273 at drivers/gpu/drm/i915/display/intel_tc.c:884 intel_tc_port_init+0x298/0x2a0 [i915]
[    1.368560] NET: Registered PF_ALG protocol family
[    1.368776] Modules linked in: af_alg snd_hwdep(+) iptable_filter sparse_keymap acpi_cpufreq(-) polyval_generic mei_pxp rtw88_core snd_pcm gf128mul ghash_clmulni_intel mei_hdcp intel_rapl_msr platform_profile wmi_bmof i915(+) aesni_intel snd_timer crypto_simd mac80211 cryptd snd i2c_i801 libarc4 spi_nor intel_cstate drm_buddy intel_uncore pcspkr mtd i2c_smbus cfg80211 soundcore processor_thermal_device_pci_legacy mei_me ttm processor_thermal_device rfkill mei intel_lpss_pci processor_thermal_rfim drm_display_helper processor_thermal_mbox intel_lpss cec processor_thermal_rapl idma64 intel_rapl_common intel_gtt igen6_edac intel_soc_dts_iosf tpm_crb i2c_hid_acpi vfat wmi fat i2c_hid tpm_tis tpm_tis_core tpm int3400_thermal rng_core video int3403_thermal int340x_thermal_zone acpi_thermal_rel wireless_hotkey dptf_pch_fivr acpi_pad mac_hid pkcs8_key_parser crypto_user fuse bpf_preload ip_tables x_tables ext4 crc32c_generic crc16 mbcache jbd2 nvme serio_raw atkbd nvme_core libps2 nvme_common
[    1.368822]  vivaldi_fmap spi_intel_pci crc32c_intel xhci_pci xhci_pci_renesas vmd spi_intel i8042 serio
[    1.368828] CPU: 1 PID: 273 Comm: systemd-udevd Tainted: G        W          6.0.9-zen1-1-zen #1 f876eedae1a21d669d9438bc7a0d6dc09f165943
[    1.368831] Hardware name: HP HP Laptop 15-dy2xxx/87FE, BIOS F.21 03/21/2022
[    1.368831] RIP: 0010:intel_tc_port_init+0x298/0x2a0 [i915]
[    1.368932] Code: 4c 8b 67 50 4d 85 e4 75 03 4c 8b 27 e8 31 f7 b6 e7 48 c7 c1 f8 7f 05 c1 4c 89 e2 48 c7 c7 d9 3c 07 c1 48 89 c6 e8 40 29 02 e8 <0f> 0b e9 23 ff ff ff 90 f3 0f 1e fa 0f 1f 44 00 00 41 54 55 89 f5
[    1.368934] RSP: 0018:ffffa37b8114f878 EFLAGS: 00010282
[    1.368935] RAX: 0000000000000000 RBX: ffff8a2d0e324000 RCX: 0000000000000027
[    1.368937] RDX: ffff8a2f73a61668 RSI: 0000000000000001 RDI: ffff8a2f73a61660
[    1.368938] RBP: 0000000000000001 R08: 0000000000000001 R09: 00000000ffffffea
[    1.368939] R10: ffffffffaa25b6a0 R11: 0000000000000001 R12: ffff8a2d01d4edd0
[    1.368940] R13: ffff8a2d0e324fa0 R14: 00000000ffffffff R15: 0000000000000046
[    1.368941] FS:  00007fea83bd13c0(0000) GS:ffff8a2f73a40000(0000) knlGS:0000000000000000
[    1.368942] CS:  0010 DS: 0000 ES: 0000 CR0: 0000000080050033
[    1.368943] CR2: 00007fc3e7025020 CR3: 0000000103ac8002 CR4: 0000000000f70ee0
[    1.368945] PKRU: 55555554
[    1.368946] Call Trace:
[    1.368947]  <TASK>
[    1.368949]  intel_ddi_init+0x731/0xce0 [i915 12cf98e17b636d0c6f882971bf94339fd71caf9f]
[    1.369047]  intel_modeset_init_nogem+0x900/0x1210 [i915 12cf98e17b636d0c6f882971bf94339fd71caf9f]
[    1.369146]  ? fwtable_read32+0x9b/0x2a0 [i915 12cf98e17b636d0c6f882971bf94339fd71caf9f]
[    1.369523]  i915_driver_probe+0x4b2/0xe60 [i915 12cf98e17b636d0c6f882971bf94339fd71caf9f]
[    1.369606]  ? intel_modeset_probe_defer+0x4f/0x60 [i915 12cf98e17b636d0c6f882971bf94339fd71caf9f]
[    1.369707]  ? i915_pci_probe+0x43/0x160 [i915 12cf98e17b636d0c6f882971bf94339fd71caf9f]
[    1.369786]  pci_device_probe+0xef/0x2a0
[    1.369790]  ? sysfs_create_link+0x75/0xd0
[    1.369793]  really_probe+0xdb/0x3f0
[    1.369796]  ? pm_runtime_barrier+0x54/0x90
[    1.369800]  __driver_probe_device+0x78/0x170
[    1.369802]  driver_probe_device+0x1f/0x110
[    1.369804]  __driver_attach+0xa0/0x200
[    1.369806]  ? __device_attach_driver+0x150/0x150
[    1.369808]  bus_for_each_dev+0x88/0xd0
[    1.369811]  bus_add_driver+0x1b2/0x200
[    1.369814]  driver_register+0x8d/0xe0
[    1.369816]  i915_init+0x23/0x83 [i915 12cf98e17b636d0c6f882971bf94339fd71caf9f]
[    1.369903]  ? 0xffffffffc1174000
[    1.369904]  do_one_initcall+0x115/0x2e0
[    1.369910]  do_init_module+0x4a/0x1e0
[    1.369913]  __x64_sys_init_module+0xc1/0xe0
[    1.369916]  do_syscall_64+0x5c/0x90
[    1.369919]  ? __vm_munmap+0x93/0x130
[    1.369922]  ? syscall_exit_to_user_mode+0x2c/0x1d0
[    1.369925]  ? do_syscall_64+0x6b/0x90
[    1.369926]  ? exc_page_fault+0x74/0x170
[    1.369928]  entry_SYSCALL_64_after_hwframe+0x63/0xcd
[    1.369932] RIP: 0033:0x7fea846c8eae
[    1.369935] Code: 48 8b 0d dd ee 0c 00 f7 d8 64 89 01 48 83 c8 ff c3 66 2e 0f 1f 84 00 00 00 00 00 90 f3 0f 1e fa 49 89 ca b8 af 00 00 00 0f 05 <48> 3d 01 f0 ff ff 73 01 c3 48 8b 0d aa ee 0c 00 f7 d8 64 89 01 48
[    1.369936] RSP: 002b:00007fff34eea5b8 EFLAGS: 00000246 ORIG_RAX: 00000000000000af
[    1.369938] RAX: ffffffffffffffda RBX: 00005582e6650360 RCX: 00007fea846c8eae
[    1.369940] RDX: 00007fea84b8a343 RSI: 0000000000708268 RDI: 00007fea81f40010
[    1.369941] RBP: 00007fea84b8a343 R08: 0000000000261000 R09: 85ebca77c2b2ae63
[    1.369942] R10: 0000000000013521 R11: 0000000000000246 R12: 0000000000020000
[    1.369943] R13: 00005582e664ed00 R14: 00005582e6650360 R15: 00005582e6750590
[    1.369945]  </TASK>
[    1.369946] ---[ end trace 0000000000000000 ]---
[    1.369989] ------------[ cut here ]------------
[    1.369990] i915 0000:00:02.0: drm_WARN_ON(val == 0xffffffff)
[    1.370006] WARNING: CPU: 1 PID: 273 at drivers/gpu/drm/i915/display/intel_tc.c:884 intel_tc_port_init+0x298/0x2a0 [i915]
[    1.370098] Modules linked in: af_alg snd_hwdep(+) iptable_filter sparse_keymap acpi_cpufreq(-) polyval_generic mei_pxp rtw88_core snd_pcm gf128mul ghash_clmulni_intel mei_hdcp intel_rapl_msr platform_profile wmi_bmof i915(+) aesni_intel snd_timer crypto_simd mac80211 cryptd snd i2c_i801 libarc4 spi_nor intel_cstate drm_buddy intel_uncore pcspkr mtd i2c_smbus cfg80211 soundcore processor_thermal_device_pci_legacy mei_me ttm processor_thermal_device rfkill mei intel_lpss_pci processor_thermal_rfim drm_display_helper processor_thermal_mbox intel_lpss cec processor_thermal_rapl idma64 intel_rapl_common intel_gtt igen6_edac intel_soc_dts_iosf tpm_crb i2c_hid_acpi vfat wmi fat i2c_hid tpm_tis tpm_tis_core tpm int3400_thermal rng_core video int3403_thermal int340x_thermal_zone acpi_thermal_rel wireless_hotkey dptf_pch_fivr acpi_pad mac_hid pkcs8_key_parser crypto_user fuse bpf_preload ip_tables x_tables ext4 crc32c_generic crc16 mbcache jbd2 nvme serio_raw atkbd nvme_core libps2 nvme_common
[    1.370146]  vivaldi_fmap spi_intel_pci crc32c_intel xhci_pci xhci_pci_renesas vmd spi_intel i8042 serio
[    1.370153] CPU: 1 PID: 273 Comm: systemd-udevd Tainted: G        W          6.0.9-zen1-1-zen #1 f876eedae1a21d669d9438bc7a0d6dc09f165943
[    1.370155] Hardware name: HP HP Laptop 15-dy2xxx/87FE, BIOS F.21 03/21/2022
[    1.370156] RIP: 0010:intel_tc_port_init+0x298/0x2a0 [i915]
[    1.370808] Code: 4c 8b 67 50 4d 85 e4 75 03 4c 8b 27 e8 31 f7 b6 e7 48 c7 c1 f8 7f 05 c1 4c 89 e2 48 c7 c7 d9 3c 07 c1 48 89 c6 e8 40 29 02 e8 <0f> 0b e9 23 ff ff ff 90 f3 0f 1e fa 0f 1f 44 00 00 41 54 55 89 f5
[    1.370810] RSP: 0018:ffffa37b8114f878 EFLAGS: 00010282
[    1.370812] RAX: 0000000000000000 RBX: ffff8a2d0e326000 RCX: 0000000000000027
[    1.370813] RDX: ffff8a2f73a61668 RSI: 0000000000000001 RDI: ffff8a2f73a61660
[    1.370815] RBP: 0000000000000002 R08: 0000000000000001 R09: 00000000ffffffea
[    1.370816] R10: ffffffffaa25b6a0 R11: 0000000000000001 R12: ffff8a2d01d4edd0
[    1.370817] R13: ffff8a2d0e326fa0 R14: 00000000ffffffff R15: 0000000000000046
[    1.370818] FS:  00007fea83bd13c0(0000) GS:ffff8a2f73a40000(0000) knlGS:0000000000000000
[    1.370820] CS:  0010 DS: 0000 ES: 0000 CR0: 0000000080050033
[    1.370821] CR2: 00007fc3e6f62408 CR3: 0000000103ac8002 CR4: 0000000000f70ee0
[    1.370822] PKRU: 55555554
[    1.370823] Call Trace:
[    1.370825]  <TASK>
[    1.370828]  intel_ddi_init+0x731/0xce0 [i915 12cf98e17b636d0c6f882971bf94339fd71caf9f]
[    1.370928]  intel_modeset_init_nogem+0x90d/0x1210 [i915 12cf98e17b636d0c6f882971bf94339fd71caf9f]
[    1.371025]  ? fwtable_read32+0x9b/0x2a0 [i915 12cf98e17b636d0c6f882971bf94339fd71caf9f]
[    1.371112]  i915_driver_probe+0x4b2/0xe60 [i915 12cf98e17b636d0c6f882971bf94339fd71caf9f]
[    1.371452]  ? intel_modeset_probe_defer+0x4f/0x60 [i915 12cf98e17b636d0c6f882971bf94339fd71caf9f]
[    1.371552]  ? i915_pci_probe+0x43/0x160 [i915 12cf98e17b636d0c6f882971bf94339fd71caf9f]
[    1.371644]  pci_device_probe+0xef/0x2a0
[    1.371648]  ? sysfs_create_link+0x75/0xd0
[    1.371651]  really_probe+0xdb/0x3f0
[    1.371654]  ? pm_runtime_barrier+0x54/0x90
[    1.371657]  __driver_probe_device+0x78/0x170
[    1.371659]  driver_probe_device+0x1f/0x110
[    1.371661]  __driver_attach+0xa0/0x200
[    1.371664]  ? __device_attach_driver+0x150/0x150
[    1.371666]  bus_for_each_dev+0x88/0xd0
[    1.371669]  bus_add_driver+0x1b2/0x200
[    1.371671]  driver_register+0x8d/0xe0
[    1.371674]  i915_init+0x23/0x83 [i915 12cf98e17b636d0c6f882971bf94339fd71caf9f]
[    1.371765]  ? 0xffffffffc1174000
[    1.371767]  do_one_initcall+0x115/0x2e0
[    1.371775]  do_init_module+0x4a/0x1e0
[    1.371779]  __x64_sys_init_module+0xc1/0xe0
[    1.371782]  do_syscall_64+0x5c/0x90
[    1.371786]  ? __vm_munmap+0x93/0x130
[    1.371789]  ? syscall_exit_to_user_mode+0x2c/0x1d0
[    1.371791]  ? do_syscall_64+0x6b/0x90
[    1.371793]  ? exc_page_fault+0x74/0x170
[    1.371795]  entry_SYSCALL_64_after_hwframe+0x63/0xcd
[    1.371798] RIP: 0033:0x7fea846c8eae
[    1.371801] Code: 48 8b 0d dd ee 0c 00 f7 d8 64 89 01 48 83 c8 ff c3 66 2e 0f 1f 84 00 00 00 00 00 90 f3 0f 1e fa 49 89 ca b8 af 00 00 00 0f 05 <48> 3d 01 f0 ff ff 73 01 c3 48 8b 0d aa ee 0c 00 f7 d8 64 89 01 48
[    1.371803] RSP: 002b:00007fff34eea5b8 EFLAGS: 00000246 ORIG_RAX: 00000000000000af
[    1.371805] RAX: ffffffffffffffda RBX: 00005582e6650360 RCX: 00007fea846c8eae
[    1.371806] RDX: 00007fea84b8a343 RSI: 0000000000708268 RDI: 00007fea81f40010
[    1.371807] RBP: 00007fea84b8a343 R08: 0000000000261000 R09: 85ebca77c2b2ae63
[    1.371808] R10: 0000000000013521 R11: 0000000000000246 R12: 0000000000020000
[    1.371810] R13: 00005582e664ed00 R14: 00005582e6650360 R15: 00005582e6750590
[    1.371812]  </TASK>
[    1.371812] ---[ end trace 0000000000000000 ]---
[    1.371871] ------------[ cut here ]------------
[    1.371872] i915 0000:00:02.0: drm_WARN_ON(val == 0xffffffff)
[    1.371888] WARNING: CPU: 1 PID: 273 at drivers/gpu/drm/i915/display/intel_tc.c:884 intel_tc_port_init+0x298/0x2a0 [i915]
[    1.371989] Modules linked in: polyval_clmulni(+) af_alg snd_hwdep(+) iptable_filter sparse_keymap acpi_cpufreq(-) polyval_generic mei_pxp rtw88_core snd_pcm gf128mul ghash_clmulni_intel mei_hdcp intel_rapl_msr platform_profile wmi_bmof i915(+) aesni_intel snd_timer crypto_simd mac80211 cryptd snd i2c_i801 libarc4 spi_nor intel_cstate drm_buddy intel_uncore pcspkr mtd i2c_smbus cfg80211 soundcore processor_thermal_device_pci_legacy mei_me ttm processor_thermal_device rfkill mei intel_lpss_pci processor_thermal_rfim drm_display_helper processor_thermal_mbox intel_lpss cec processor_thermal_rapl idma64 intel_rapl_common intel_gtt igen6_edac intel_soc_dts_iosf tpm_crb i2c_hid_acpi vfat wmi fat i2c_hid tpm_tis tpm_tis_core tpm int3400_thermal rng_core video int3403_thermal int340x_thermal_zone acpi_thermal_rel wireless_hotkey dptf_pch_fivr acpi_pad mac_hid pkcs8_key_parser crypto_user fuse bpf_preload ip_tables x_tables ext4 crc32c_generic crc16 mbcache jbd2 nvme serio_raw atkbd nvme_core
[    1.372038]  libps2 nvme_common vivaldi_fmap spi_intel_pci crc32c_intel xhci_pci xhci_pci_renesas vmd spi_intel i8042 serio
[    1.372045] CPU: 1 PID: 273 Comm: systemd-udevd Tainted: G        W          6.0.9-zen1-1-zen #1 f876eedae1a21d669d9438bc7a0d6dc09f165943
[    1.372048] Hardware name: HP HP Laptop 15-dy2xxx/87FE, BIOS F.21 03/21/2022
[    1.372049] RIP: 0010:intel_tc_port_init+0x298/0x2a0 [i915]
[    1.372138] Code: 4c 8b 67 50 4d 85 e4 75 03 4c 8b 27 e8 31 f7 b6 e7 48 c7 c1 f8 7f 05 c1 4c 89 e2 48 c7 c7 d9 3c 07 c1 48 89 c6 e8 40 29 02 e8 <0f> 0b e9 23 ff ff ff 90 f3 0f 1e fa 0f 1f 44 00 00 41 54 55 89 f5
[    1.372140] RSP: 0018:ffffa37b8114f878 EFLAGS: 00010282
[    1.372141] RAX: 0000000000000000 RBX: ffff8a2d041e8000 RCX: 0000000000000027
[    1.372143] RDX: ffff8a2f73a61668 RSI: 0000000000000001 RDI: ffff8a2f73a61660
[    1.372144] RBP: 0000000000000003 R08: 0000000000000001 R09: 00000000ffffffea
[    1.372145] R10: ffffffffaa25b6a0 R11: 0000000000000001 R12: ffff8a2d01d4edd0
[    1.372146] R13: ffff8a2d041e8fa0 R14: 00000000ffffffff R15: 0000000000000046
[    1.372147] FS:  00007fea83bd13c0(0000) GS:ffff8a2f73a40000(0000) knlGS:0000000000000000
[    1.372148] CS:  0010 DS: 0000 ES: 0000 CR0: 0000000080050033
[    1.372150] CR2: 00007fc3e6e68cb8 CR3: 0000000103ac8002 CR4: 0000000000f70ee0
[    1.372151] PKRU: 55555554
[    1.372152] Call Trace:
[    1.372153]  <TASK>
[    1.372154]  intel_ddi_init+0x731/0xce0 [i915 12cf98e17b636d0c6f882971bf94339fd71caf9f]
[    1.372915]  intel_modeset_init_nogem+0x91a/0x1210 [i915 12cf98e17b636d0c6f882971bf94339fd71caf9f]
[    1.373025]  ? fwtable_read32+0x9b/0x2a0 [i915 12cf98e17b636d0c6f882971bf94339fd71caf9f]
[    1.373113]  i915_driver_probe+0x4b2/0xe60 [i915 12cf98e17b636d0c6f882971bf94339fd71caf9f]
[    1.373215]  ? intel_modeset_probe_defer+0x4f/0x60 [i915 12cf98e17b636d0c6f882971bf94339fd71caf9f]
[    1.373309]  ? i915_pci_probe+0x43/0x160 [i915 12cf98e17b636d0c6f882971bf94339fd71caf9f]
[    1.373381]  pci_device_probe+0xef/0x2a0
[    1.373384]  ? sysfs_create_link+0x75/0xd0
[    1.373387]  really_probe+0xdb/0x3f0
[    1.373389]  ? pm_runtime_barrier+0x54/0x90
[    1.373391]  __driver_probe_device+0x78/0x170
[    1.373393]  driver_probe_device+0x1f/0x110
[    1.373395]  __driver_attach+0xa0/0x200
[    1.373397]  ? __device_attach_driver+0x150/0x150
[    1.373399]  bus_for_each_dev+0x88/0xd0
[    1.373402]  bus_add_driver+0x1b2/0x200
[    1.373404]  driver_register+0x8d/0xe0
[    1.373407]  i915_init+0x23/0x83 [i915 12cf98e17b636d0c6f882971bf94339fd71caf9f]
[    1.373489]  ? 0xffffffffc1174000
[    1.373490]  do_one_initcall+0x115/0x2e0
[    1.373494]  do_init_module+0x4a/0x1e0
[    1.373497]  __x64_sys_init_module+0xc1/0xe0
[    1.373501]  do_syscall_64+0x5c/0x90
[    1.373503]  ? __vm_munmap+0x93/0x130
[    1.373506]  ? syscall_exit_to_user_mode+0x2c/0x1d0
[    1.373509]  ? do_syscall_64+0x6b/0x90
[    1.373510]  ? exc_page_fault+0x74/0x170
[    1.373512]  entry_SYSCALL_64_after_hwframe+0x63/0xcd
[    1.373515] RIP: 0033:0x7fea846c8eae
[    1.373517] Code: 48 8b 0d dd ee 0c 00 f7 d8 64 89 01 48 83 c8 ff c3 66 2e 0f 1f 84 00 00 00 00 00 90 f3 0f 1e fa 49 89 ca b8 af 00 00 00 0f 05 <48> 3d 01 f0 ff ff 73 01 c3 48 8b 0d aa ee 0c 00 f7 d8 64 89 01 48
[    1.373519] RSP: 002b:00007fff34eea5b8 EFLAGS: 00000246 ORIG_RAX: 00000000000000af
[    1.373521] RAX: ffffffffffffffda RBX: 00005582e6650360 RCX: 00007fea846c8eae
[    1.373522] RDX: 00007fea84b8a343 RSI: 0000000000708268 RDI: 00007fea81f40010
[    1.373523] RBP: 00007fea84b8a343 R08: 0000000000261000 R09: 85ebca77c2b2ae63
[    1.373524] R10: 0000000000013521 R11: 0000000000000246 R12: 0000000000020000
[    1.373525] R13: 00005582e664ed00 R14: 00005582e6650360 R15: 00005582e6750590
[    1.373527]  </TASK>
[    1.373528] ---[ end trace 0000000000000000 ]---
[    1.376204] ------------[ cut here ]------------
[    1.376207] i915 0000:00:02.0: drm_WARN_ON(!tc_phy_status_complete(dig_port))
[    1.376228] WARNING: CPU: 5 PID: 273 at drivers/gpu/drm/i915/display/intel_tc.c:598 intel_tc_port_sanitize+0x4f5/0x570 [i915]
[    1.376346] Modules linked in: hp_wmi(+) algif_hash(+) pcc_cpufreq(-) polyval_clmulni(+) af_alg snd_hwdep iptable_filter sparse_keymap polyval_generic mei_pxp rtw88_core snd_pcm gf128mul ghash_clmulni_intel mei_hdcp intel_rapl_msr platform_profile wmi_bmof i915(+) aesni_intel snd_timer crypto_simd mac80211 cryptd snd i2c_i801 libarc4 spi_nor intel_cstate drm_buddy intel_uncore pcspkr mtd i2c_smbus cfg80211 soundcore processor_thermal_device_pci_legacy mei_me ttm processor_thermal_device rfkill mei intel_lpss_pci processor_thermal_rfim drm_display_helper processor_thermal_mbox intel_lpss cec processor_thermal_rapl idma64 intel_rapl_common intel_gtt igen6_edac intel_soc_dts_iosf tpm_crb i2c_hid_acpi vfat wmi fat i2c_hid tpm_tis tpm_tis_core tpm int3400_thermal rng_core video int3403_thermal int340x_thermal_zone acpi_thermal_rel wireless_hotkey dptf_pch_fivr acpi_pad mac_hid pkcs8_key_parser crypto_user fuse bpf_preload ip_tables x_tables ext4 crc32c_generic crc16 mbcache jbd2 nvme
[    1.376393]  serio_raw atkbd nvme_core libps2 nvme_common vivaldi_fmap spi_intel_pci crc32c_intel xhci_pci xhci_pci_renesas vmd spi_intel i8042 serio
[    1.376402] CPU: 5 PID: 273 Comm: systemd-udevd Tainted: G        W          6.0.9-zen1-1-zen #1 f876eedae1a21d669d9438bc7a0d6dc09f165943
[    1.376405] Hardware name: HP HP Laptop 15-dy2xxx/87FE, BIOS F.21 03/21/2022
[    1.376406] RIP: 0010:intel_tc_port_sanitize+0x4f5/0x570 [i915]
[    1.376496] Code: 4c 8b 6f 50 4d 85 ed 75 03 4c 8b 2f e8 14 00 b7 e7 48 c7 c1 18 7e 05 c1 4c 89 ea 48 c7 c7 d9 3c 07 c1 48 89 c6 e8 23 32 02 e8 <0f> 0b 41 c7 87 30 10 00 00 01 00 00 00 45 85 e4 0f 84 ca fb ff ff
[    1.376497] RSP: 0018:ffffa37b8114f7b0 EFLAGS: 00010286
[    1.376499] RAX: 0000000000000000 RBX: ffff8a2d14b50000 RCX: 0000000000000027
[    1.376501] RDX: ffff8a2f73b61668 RSI: 0000000000000001 RDI: ffff8a2f73b61660
[    1.376502] RBP: 0000000000000046 R08: 0000000000000001 R09: 00000000ffffffea
[    1.376503] R10: ffffffffaa25b6a0 R11: 0000000000000001 R12: 0000000000000000
[    1.376504] R13: ffff8a2d01d4edd0 R14: ffff8a2d14b50000 R15: ffff8a2d0e322000
[    1.376505] FS:  00007fea83bd13c0(0000) GS:ffff8a2f73b40000(0000) knlGS:0000000000000000
[    1.376507] CS:  0010 DS: 0000 ES: 0000 CR0: 0000000080050033
[    1.376508] CR2: 000055f01fc6e3a0 CR3: 0000000103ac8003 CR4: 0000000000f70ee0
[    1.376509] PKRU: 55555554
[    1.376510] Call Trace:
[    1.376512]  <TASK>
[    1.376515]  intel_ddi_sync_state+0x43/0x90 [i915 12cf98e17b636d0c6f882971bf94339fd71caf9f]
[    1.376609]  intel_modeset_setup_hw_state+0x3c5/0x1790 [i915 12cf98e17b636d0c6f882971bf94339fd71caf9f]
[    1.376709]  ? slab_post_alloc_hook.constprop.0+0x32/0x240
[    1.376713]  ? slab_post_alloc_hook.constprop.0+0x32/0x240
[    1.376715]  ? intel_modeset_init_nogem+0x3a9/0x1210 [i915 12cf98e17b636d0c6f882971bf94339fd71caf9f]
[    1.376809]  intel_modeset_init_nogem+0x3a9/0x1210 [i915 12cf98e17b636d0c6f882971bf94339fd71caf9f]
[    1.376883]  ? fwtable_read32+0x9b/0x2a0 [i915 12cf98e17b636d0c6f882971bf94339fd71caf9f]
[    1.376942]  i915_driver_probe+0x4b2/0xe60 [i915 12cf98e17b636d0c6f882971bf94339fd71caf9f]
[    1.376999]  ? intel_modeset_probe_defer+0x4f/0x60 [i915 12cf98e17b636d0c6f882971bf94339fd71caf9f]
[    1.377065]  ? i915_pci_probe+0x43/0x160 [i915 12cf98e17b636d0c6f882971bf94339fd71caf9f]
[    1.377119]  pci_device_probe+0xef/0x2a0
[    1.377123]  ? sysfs_create_link+0x75/0xd0
[    1.377126]  really_probe+0xdb/0x3f0
[    1.377129]  ? pm_runtime_barrier+0x54/0x90
[    1.377131]  __driver_probe_device+0x78/0x170
[    1.377132]  driver_probe_device+0x1f/0x110
[    1.377134]  __driver_attach+0xa0/0x200
[    1.377136]  ? __device_attach_driver+0x150/0x150
[    1.377137]  bus_for_each_dev+0x88/0xd0
[    1.377139]  bus_add_driver+0x1b2/0x200
[    1.377141]  driver_register+0x8d/0xe0
[    1.377143]  i915_init+0x23/0x83 [i915 12cf98e17b636d0c6f882971bf94339fd71caf9f]
[    1.377216]  ? 0xffffffffc1174000
[    1.377218]  do_one_initcall+0x115/0x2e0
[    1.377222]  do_init_module+0x4a/0x1e0
[    1.377226]  __x64_sys_init_module+0xc1/0xe0
[    1.377229]  do_syscall_64+0x5c/0x90
[    1.377232]  ? __vm_munmap+0x93/0x130
[    1.377235]  ? syscall_exit_to_user_mode+0x2c/0x1d0
[    1.377237]  ? do_syscall_64+0x6b/0x90
[    1.377239]  ? exc_page_fault+0x74/0x170
[    1.377240]  entry_SYSCALL_64_after_hwframe+0x63/0xcd
[    1.377244] RIP: 0033:0x7fea846c8eae
[    1.377247] Code: 48 8b 0d dd ee 0c 00 f7 d8 64 89 01 48 83 c8 ff c3 66 2e 0f 1f 84 00 00 00 00 00 90 f3 0f 1e fa 49 89 ca b8 af 00 00 00 0f 05 <48> 3d 01 f0 ff ff 73 01 c3 48 8b 0d aa ee 0c 00 f7 d8 64 89 01 48
[    1.377248] RSP: 002b:00007fff34eea5b8 EFLAGS: 00000246 ORIG_RAX: 00000000000000af
[    1.377250] RAX: ffffffffffffffda RBX: 00005582e6650360 RCX: 00007fea846c8eae
[    1.377251] RDX: 00007fea84b8a343 RSI: 0000000000708268 RDI: 00007fea81f40010
[    1.377252] RBP: 00007fea84b8a343 R08: 0000000000261000 R09: 85ebca77c2b2ae63
[    1.377252] R10: 0000000000013521 R11: 0000000000000246 R12: 0000000000020000
[    1.377253] R13: 00005582e664ed00 R14: 00005582e6650360 R15: 00005582e6750590
[    1.377255]  </TASK>
[    1.377256] ---[ end trace 0000000000000000 ]---
[    1.377282] ------------[ cut here ]------------
[    1.377283] i915 0000:00:02.0: drm_WARN_ON(!tc_phy_status_complete(dig_port))
[    1.377299] WARNING: CPU: 5 PID: 273 at drivers/gpu/drm/i915/display/intel_tc.c:598 intel_tc_port_sanitize+0x4f5/0x570 [i915]
[    1.377394] Modules linked in: hp_wmi(+) algif_hash(+) pcc_cpufreq(-) polyval_clmulni(+) af_alg snd_hwdep iptable_filter sparse_keymap polyval_generic mei_pxp rtw88_core snd_pcm gf128mul ghash_clmulni_intel mei_hdcp intel_rapl_msr platform_profile wmi_bmof i915(+) aesni_intel snd_timer crypto_simd mac80211 cryptd snd i2c_i801 libarc4 spi_nor intel_cstate drm_buddy intel_uncore pcspkr mtd i2c_smbus cfg80211 soundcore processor_thermal_device_pci_legacy mei_me ttm processor_thermal_device rfkill mei intel_lpss_pci processor_thermal_rfim drm_display_helper processor_thermal_mbox intel_lpss cec processor_thermal_rapl idma64 intel_rapl_common intel_gtt igen6_edac intel_soc_dts_iosf tpm_crb i2c_hid_acpi vfat wmi fat i2c_hid tpm_tis tpm_tis_core tpm int3400_thermal rng_core video int3403_thermal int340x_thermal_zone acpi_thermal_rel wireless_hotkey dptf_pch_fivr acpi_pad mac_hid pkcs8_key_parser crypto_user fuse bpf_preload ip_tables x_tables ext4 crc32c_generic crc16 mbcache jbd2 nvme
[    1.377440]  serio_raw atkbd nvme_core libps2 nvme_common vivaldi_fmap spi_intel_pci crc32c_intel xhci_pci xhci_pci_renesas vmd spi_intel i8042 serio
[    1.377448] CPU: 5 PID: 273 Comm: systemd-udevd Tainted: G        W          6.0.9-zen1-1-zen #1 f876eedae1a21d669d9438bc7a0d6dc09f165943
[    1.377450] Hardware name: HP HP Laptop 15-dy2xxx/87FE, BIOS F.21 03/21/2022
[    1.377451] RIP: 0010:intel_tc_port_sanitize+0x4f5/0x570 [i915]
[    1.377540] Code: 4c 8b 6f 50 4d 85 ed 75 03 4c 8b 2f e8 14 00 b7 e7 48 c7 c1 18 7e 05 c1 4c 89 ea 48 c7 c7 d9 3c 07 c1 48 89 c6 e8 23 32 02 e8 <0f> 0b 41 c7 87 30 10 00 00 01 00 00 00 45 85 e4 0f 84 ca fb ff ff
[    1.377541] RSP: 0018:ffffa37b8114f7b0 EFLAGS: 00010286
[    1.377543] RAX: 0000000000000000 RBX: ffff8a2d14b50000 RCX: 0000000000000027
[    1.377544] RDX: ffff8a2f73b61668 RSI: 0000000000000001 RDI: ffff8a2f73b61660
[    1.377545] RBP: 0000000000000046 R08: 0000000000000001 R09: 00000000ffffffea
[    1.377546] R10: ffffffffaa25b6a0 R11: 0000000000000001 R12: 0000000000000000
[    1.377547] R13: ffff8a2d01d4edd0 R14: ffff8a2d14b50000 R15: ffff8a2d0e324000
[    1.377548] FS:  00007fea83bd13c0(0000) GS:ffff8a2f73b40000(0000) knlGS:0000000000000000
[    1.377549] CS:  0010 DS: 0000 ES: 0000 CR0: 0000000080050033
[    1.377551] CR2: 000055f01fc6e3a0 CR3: 0000000103ac8003 CR4: 0000000000f70ee0
[    1.377552] PKRU: 55555554
[    1.377553] Call Trace:
[    1.377554]  <TASK>
[    1.377555]  intel_ddi_sync_state+0x43/0x90 [i915 12cf98e17b636d0c6f882971bf94339fd71caf9f]
[    1.377644]  intel_modeset_setup_hw_state+0x3c5/0x1790 [i915 12cf98e17b636d0c6f882971bf94339fd71caf9f]
[    1.377736]  ? slab_post_alloc_hook.constprop.0+0x32/0x240
[    1.377739]  ? slab_post_alloc_hook.constprop.0+0x32/0x240
[    1.377741]  ? intel_modeset_init_nogem+0x3a9/0x1210 [i915 12cf98e17b636d0c6f882971bf94339fd71caf9f]
[    1.377835]  intel_modeset_init_nogem+0x3a9/0x1210 [i915 12cf98e17b636d0c6f882971bf94339fd71caf9f]
[    1.377919]  ? fwtable_read32+0x9b/0x2a0 [i915 12cf98e17b636d0c6f882971bf94339fd71caf9f]
[    1.378005]  i915_driver_probe+0x4b2/0xe60 [i915 12cf98e17b636d0c6f882971bf94339fd71caf9f]
[    1.378084]  ? intel_modeset_probe_defer+0x4f/0x60 [i915 12cf98e17b636d0c6f882971bf94339fd71caf9f]
[    1.378216]  ? i915_pci_probe+0x43/0x160 [i915 12cf98e17b636d0c6f882971bf94339fd71caf9f]
[    1.378292]  pci_device_probe+0xef/0x2a0
[    1.378296]  ? sysfs_create_link+0x75/0xd0
[    1.378298]  really_probe+0xdb/0x3f0
[    1.378301]  ? pm_runtime_barrier+0x54/0x90
[    1.378304]  __driver_probe_device+0x78/0x170
[    1.378306]  driver_probe_device+0x1f/0x110
[    1.378308]  __driver_attach+0xa0/0x200
[    1.378310]  ? __device_attach_driver+0x150/0x150
[    1.378312]  bus_for_each_dev+0x88/0xd0
[    1.378314]  bus_add_driver+0x1b2/0x200
[    1.378317]  driver_register+0x8d/0xe0
[    1.378319]  i915_init+0x23/0x83 [i915 12cf98e17b636d0c6f882971bf94339fd71caf9f]
[    1.378400]  ? 0xffffffffc1174000
[    1.378401]  do_one_initcall+0x115/0x2e0
[    1.378406]  do_init_module+0x4a/0x1e0
[    1.378409]  __x64_sys_init_module+0xc1/0xe0
[    1.378412]  do_syscall_64+0x5c/0x90
[    1.378414]  ? __vm_munmap+0x93/0x130
[    1.378417]  ? syscall_exit_to_user_mode+0x2c/0x1d0
[    1.378420]  ? do_syscall_64+0x6b/0x90
[    1.378421]  ? exc_page_fault+0x74/0x170
[    1.378423]  entry_SYSCALL_64_after_hwframe+0x63/0xcd
[    1.378426] RIP: 0033:0x7fea846c8eae
[    1.378428] Code: 48 8b 0d dd ee 0c 00 f7 d8 64 89 01 48 83 c8 ff c3 66 2e 0f 1f 84 00 00 00 00 00 90 f3 0f 1e fa 49 89 ca b8 af 00 00 00 0f 05 <48> 3d 01 f0 ff ff 73 01 c3 48 8b 0d aa ee 0c 00 f7 d8 64 89 01 48
[    1.378429] RSP: 002b:00007fff34eea5b8 EFLAGS: 00000246 ORIG_RAX: 00000000000000af
[    1.378431] RAX: ffffffffffffffda RBX: 00005582e6650360 RCX: 00007fea846c8eae
[    1.378433] RDX: 00007fea84b8a343 RSI: 0000000000708268 RDI: 00007fea81f40010
[    1.378434] RBP: 00007fea84b8a343 R08: 0000000000261000 R09: 85ebca77c2b2ae63
[    1.378435] R10: 0000000000013521 R11: 0000000000000246 R12: 0000000000020000
[    1.378436] R13: 00005582e664ed00 R14: 00005582e6650360 R15: 00005582e6750590
[    1.378438]  </TASK>
[    1.378438] ---[ end trace 0000000000000000 ]---
[    1.378479] ------------[ cut here ]------------
[    1.378479] i915 0000:00:02.0: drm_WARN_ON(!tc_phy_status_complete(dig_port))
[    1.378497] WARNING: CPU: 5 PID: 273 at drivers/gpu/drm/i915/display/intel_tc.c:598 intel_tc_port_sanitize+0x4f5/0x570 [i915]
